Archive member included to satisfy reference by file (symbol)

middlewares/threadx/libthreadx.a(tx_thread_schedule.S.obj)
                              CMakeFiles/firmware.elf.dir/middlewares/threadx/ports/cortex_m4/gnu/example_build/tx_initialize_low_level.S.obj (__tx_PendSVHandler)
middlewares/threadx/libthreadx.a(tx_timer_interrupt.S.obj)
                              CMakeFiles/firmware.elf.dir/middlewares/threadx/ports/cortex_m4/gnu/example_build/tx_initialize_low_level.S.obj (_tx_timer_interrupt)
middlewares/threadx/libthreadx.a(tx_initialize_high_level.c.obj)
                              CMakeFiles/firmware.elf.dir/middlewares/threadx/ports/cortex_m4/gnu/example_build/tx_initialize_low_level.S.obj (_tx_initialize_unused_memory)
middlewares/threadx/libthreadx.a(tx_initialize_kernel_enter.c.obj)
                              CMakeFiles/firmware.elf.dir/core/src/main.c.obj (_tx_initialize_kernel_enter)
middlewares/threadx/libthreadx.a(tx_thread_initialize.c.obj)
                              CMakeFiles/firmware.elf.dir/middlewares/threadx/ports/cortex_m4/gnu/example_build/tx_initialize_low_level.S.obj (_tx_thread_system_stack_ptr)
middlewares/threadx/libthreadx.a(tx_thread_sleep.c.obj)
                              CMakeFiles/firmware.elf.dir/core/src/main.c.obj (_tx_thread_sleep)
middlewares/threadx/libthreadx.a(tx_thread_system_suspend.c.obj)
                              middlewares/threadx/libthreadx.a(tx_thread_sleep.c.obj) (_tx_thread_system_suspend)
middlewares/threadx/libthreadx.a(tx_thread_time_slice.c.obj)
                              middlewares/threadx/libthreadx.a(tx_timer_interrupt.S.obj) (_tx_thread_time_slice)
middlewares/threadx/libthreadx.a(tx_time_get.c.obj)
                              CMakeFiles/firmware.elf.dir/core/src/system.c.obj (_tx_time_get)
middlewares/threadx/libthreadx.a(tx_timer_expiration_process.c.obj)
                              middlewares/threadx/libthreadx.a(tx_timer_interrupt.S.obj) (_tx_timer_expiration_process)
middlewares/threadx/libthreadx.a(tx_timer_initialize.c.obj)
                              middlewares/threadx/libthreadx.a(tx_timer_interrupt.S.obj) (_tx_timer_system_clock)
middlewares/threadx/libthreadx.a(tx_timer_system_activate.c.obj)
                              middlewares/threadx/libthreadx.a(tx_thread_system_suspend.c.obj) (_tx_timer_system_activate)
middlewares/threadx/libthreadx.a(tx_timer_thread_entry.c.obj)
                              middlewares/threadx/libthreadx.a(tx_timer_initialize.c.obj) (_tx_timer_thread_entry)
middlewares/threadx/libthreadx.a(txe_semaphore_create.c.obj)
                              CMakeFiles/firmware.elf.dir/core/src/main.c.obj (_txe_semaphore_create)
middlewares/threadx/libthreadx.a(txe_semaphore_get.c.obj)
                              CMakeFiles/firmware.elf.dir/core/src/main.c.obj (_txe_semaphore_get)
middlewares/threadx/libthreadx.a(txe_semaphore_put.c.obj)
                              CMakeFiles/firmware.elf.dir/core/src/uart1_init.c.obj (_txe_semaphore_put)
middlewares/threadx/libthreadx.a(txe_thread_create.c.obj)
                              CMakeFiles/firmware.elf.dir/core/src/main.c.obj (_txe_thread_create)
middlewares/threadx/libthreadx.a(tx_semaphore_create.c.obj)
                              middlewares/threadx/libthreadx.a(txe_semaphore_create.c.obj) (_tx_semaphore_create)
middlewares/threadx/libthreadx.a(tx_semaphore_get.c.obj)
                              middlewares/threadx/libthreadx.a(txe_semaphore_get.c.obj) (_tx_semaphore_get)
middlewares/threadx/libthreadx.a(tx_semaphore_put.c.obj)
                              middlewares/threadx/libthreadx.a(txe_semaphore_put.c.obj) (_tx_semaphore_put)
middlewares/threadx/libthreadx.a(tx_thread_create.c.obj)
                              middlewares/threadx/libthreadx.a(tx_timer_initialize.c.obj) (_tx_thread_create)
middlewares/threadx/libthreadx.a(tx_thread_shell_entry.c.obj)
                              middlewares/threadx/libthreadx.a(tx_thread_create.c.obj) (_tx_thread_shell_entry)
middlewares/threadx/libthreadx.a(tx_thread_system_preempt_check.c.obj)
                              middlewares/threadx/libthreadx.a(txe_semaphore_create.c.obj) (_tx_thread_system_preempt_check)
middlewares/threadx/libthreadx.a(tx_thread_system_resume.c.obj)
                              middlewares/threadx/libthreadx.a(tx_timer_expiration_process.c.obj) (_tx_thread_system_resume)
middlewares/threadx/libthreadx.a(tx_thread_timeout.c.obj)
                              middlewares/threadx/libthreadx.a(tx_thread_create.c.obj) (_tx_thread_timeout)
middlewares/threadx/libthreadx.a(tx_timer_system_deactivate.c.obj)
                              middlewares/threadx/libthreadx.a(tx_thread_system_resume.c.obj) (_tx_timer_system_deactivate)
middlewares/threadx/libthreadx.a(tx_thread_stack_build.S.obj)
                              middlewares/threadx/libthreadx.a(tx_thread_create.c.obj) (_tx_thread_stack_build)
middlewares/threadx/libthreadx.a(tx_semaphore_cleanup.c.obj)
[...]
Memory Configuration

Name             Origin             Length             Attributes
RAM              0x20000000         0x00050000         xrw
SRAM2            0x10000000         0x00010000         xrw
SRAM3            0x20030000         0x00020000         xrw
FLASH            0x08000000         0x00100000         xr
*default*        0x00000000         0xffffffff

Linker script and memory map

LOAD /usr/lib/gcc/arm-none-eabi/13.2.1/thumb/v7e-m+fp/hard/crti.o
LOAD /usr/lib/gcc/arm-none-eabi/13.2.1/thumb/v7e-m+fp/hard/crtbegin.o
LOAD /usr/lib/gcc/arm-none-eabi/13.2.1/../../../arm-none-eabi/lib/thumb/v7e-m+fp/hard/crt0.o
LOAD CMakeFiles/firmware.elf.dir/middlewares/threadx/ports/cortex_m4/gnu/example_build/tx_initialize_low_level.S.obj
LOAD CMakeFiles/firmware.elf.dir/startup.s.obj
LOAD CMakeFiles/firmware.elf.dir/drivers/stm32l4xx-hal-driver/Src/stm32l4xx_hal.c.obj
LOAD CMakeFiles/firmware.elf.dir/drivers/stm32l4xx-hal-driver/Src/stm32l4xx_hal_cortex.c.obj
LOAD CMakeFiles/firmware.elf.dir/drivers/stm32l4xx-hal-driver/Src/stm32l4xx_hal_gpio.c.obj
LOAD CMakeFiles/firmware.elf.dir/drivers/stm32l4xx-hal-driver/Src/stm32l4xx_hal_rcc.c.obj
LOAD CMakeFiles/firmware.elf.dir/drivers/stm32l4xx-hal-driver/Src/stm32l4xx_hal_rcc_ex.c.obj
LOAD CMakeFiles/firmware.elf.dir/drivers/stm32l4xx-hal-driver/Src/stm32l4xx_hal_uart.c.obj
LOAD CMakeFiles/firmware.elf.dir/drivers/stm32l4xx-hal-driver/Src/stm32l4xx_hal_uart_ex.c.obj
LOAD CMakeFiles/firmware.elf.dir/drivers/stm32l4xx-hal-driver/Src/stm32l4xx_hal_dma.c.obj
LOAD CMakeFiles/firmware.elf.dir/drivers/stm32l4xx-hal-driver/Src/stm32l4xx_hal_dma_ex.c.obj
LOAD CMakeFiles/firmware.elf.dir/drivers/stm32l4xx-hal-driver/Src/stm32l4xx_hal_pwr.c.obj
LOAD CMakeFiles/firmware.elf.dir/drivers/stm32l4xx-hal-driver/Src/stm32l4xx_hal_pwr_ex.c.obj
LOAD CMakeFiles/firmware.elf.dir/drivers/stm32l4xx-hal-driver/Src/stm32l4xx_hal_sd.c.obj
LOAD CMakeFiles/firmware.elf.dir/drivers/stm32l4xx-hal-driver/Src/stm32l4xx_hal_sd_ex.c.obj
LOAD CMakeFiles/firmware.elf.dir/drivers/stm32l4xx-hal-driver/Src/stm32l4xx_ll_sdmmc.c.obj
LOAD CMakeFiles/firmware.elf.dir/drivers/stm32l4xx-hal-driver/Src/stm32l4xx_hal_spi.c.obj
LOAD CMakeFiles/firmware.elf.dir/drivers/stm32l4xx-hal-driver/Src/stm32l4xx_hal_spi_ex.c.obj
LOAD CMakeFiles/firmware.elf.dir/drivers/cmsis-device-l4/Source/Templates/system_stm32l4xx.c.obj
LOAD CMakeFiles/firmware.elf.dir/core/src/main.c.obj
LOAD CMakeFiles/firmware.elf.dir/core/src/sd_init.c.obj
LOAD CMakeFiles/firmware.elf.dir/core/src/system.c.obj
LOAD CMakeFiles/firmware.elf.dir/core/src/uart1_init.c.obj
LOAD CMakeFiles/firmware.elf.dir/core/src/usart1_rs485_init.c.obj
LOAD middlewares/threadx/libthreadx.a
START GROUP
LOAD /usr/lib/gcc/arm-none-eabi/13.2.1/thumb/v7e-m+fp/hard/libgcc.a
LOAD /usr/lib/gcc/arm-none-eabi/13.2.1/../../../arm-none-eabi/lib/thumb/v7e-m+fp/hard/libg_nano.a
LOAD /usr/lib/gcc/arm-none-eabi/13.2.1/../../../arm-none-eabi/lib/thumb/v7e-m+fp/hard/libc_nano.a
END GROUP
START GROUP
LOAD /usr/lib/gcc/arm-none-eabi/13.2.1/thumb/v7e-m+fp/hard/libgcc.a
LOAD /usr/lib/gcc/arm-none-eabi/13.2.1/../../../arm-none-eabi/lib/thumb/v7e-m+fp/hard/libc_nano.a
LOAD /usr/lib/gcc/arm-none-eabi/13.2.1/../../../arm-none-eabi/lib/thumb/v7e-m+fp/hard/libnosys.a
END GROUP
START GROUP
LOAD /usr/lib/gcc/arm-none-eabi/13.2.1/thumb/v7e-m+fp/hard/libgcc.a
LOAD /usr/lib/gcc/arm-none-eabi/13.2.1/../../../arm-none-eabi/lib/thumb/v7e-m+fp/hard/libc_nano.a
LOAD /usr/lib/gcc/arm-none-eabi/13.2.1/../../../arm-none-eabi/lib/thumb/v7e-m+fp/hard/libnosys.a
END GROUP
LOAD /usr/lib/gcc/arm-none-eabi/13.2.1/thumb/v7e-m+fp/hard/crtend.o
LOAD /usr/lib/gcc/arm-none-eabi/13.2.1/thumb/v7e-m+fp/hard/crtn.o
                0x20050000                        _estack = (ORIGIN (RAM) + LENGTH (RAM))
                0x00000200                        _Min_Heap_Size = 0x200
                0x00000400                        _Min_Stack_Size = 0x400

.isr_vector     0x08000000      0x1bc
                0x08000000                        . = ALIGN (0x4)
 *(.isr_vector)
 .isr_vector    0x08000000      0x1bc CMakeFiles/firmware.elf.dir/startup.s.obj
                0x08000000                g_pfnVectors
                0x080001bc                        . = ALIGN (0x4)

.text           0x080001c0    0x13060
                0x080001c0                        . = ALIGN (0x4)
 *(.text)
 .text          0x080001c0       0x88 /usr/lib/gcc/arm-none-eabi/13.2.1/thumb/v7e-m+fp/hard/crtbegin.o
 *fill*         0x08000248        0x8 
 .text          0x08000250       0x94 CMakeFiles/firmware.elf.dir/middlewares/threadx/ports/cortex_m4/gnu/example_build/tx_initialize_low_level.S.obj
                0x08000250                _tx_initialize_low_level
                0x0800029e                __tx_BadHandler
                0x080002a2                __tx_HardfaultHandler
                0x080002a6                __tx_SVCallHandler
                0x080002aa                __tx_IntHandler
                0x080002b2                SysTick_Handler
                0x080002b2                __tx_SysTickHandler
                0x080002be                __tx_NMIHandler
                0x080002c2                __tx_DBGHandler
 .text          0x080002e4      0x540 CMakeFiles/firmware.elf.dir/drivers/stm32l4xx-hal-driver/Src/stm32l4xx_hal.c.obj
                0x080002e4                HAL_Init
                0x08000314                HAL_DeInit
                0x0800037c                HAL_MspInit
                0x0800038a                HAL_MspDeInit
                0x08000398                HAL_InitTick
                0x08000410                HAL_IncTick
                0x08000450                HAL_GetTickPrio
                0x08000468                HAL_SetTickFreq
                0x080004b8                HAL_GetTickFreq
                0x080004d0                HAL_Delay
                0x08000518                HAL_SuspendTick
                0x08000538                HAL_ResumeTick
                0x08000558                HAL_GetHalVersion
                0x0800056c                HAL_GetREVID
                0x08000588                HAL_GetDEVID
                0x080005a4                HAL_GetUIDw0
                0x080005bc                HAL_GetUIDw1
                0x080005d4                HAL_GetUIDw2
                0x080005ec                HAL_DBGMCU_EnableDBGSleepMode
                0x0800060c                HAL_DBGMCU_DisableDBGSleepMode
                0x0800062c                HAL_DBGMCU_EnableDBGStopMode
                0x0800064c                HAL_DBGMCU_DisableDBGStopMode
                0x0800066c                HAL_DBGMCU_EnableDBGStandbyMode
                0x0800068c                HAL_DBGMCU_DisableDBGStandbyMode
                0x080006ac                HAL_SYSCFG_SRAM2Erase
                0x080006d4                HAL_SYSCFG_EnableMemorySwappingBank
                0x080006ec                HAL_SYSCFG_DisableMemorySwappingBank
                0x08000704                HAL_SYSCFG_VREFBUF_VoltageScalingConfig
                0x0800072c                HAL_SYSCFG_VREFBUF_HighImpedanceConfig
                0x08000754                HAL_SYSCFG_VREFBUF_TrimmingConfig
                0x0800077c                HAL_SYSCFG_EnableVREFBUF
                0x080007c4                HAL_SYSCFG_DisableVREFBUF
                0x080007e4                HAL_SYSCFG_EnableIOAnalogSwitchBooster
                0x08000804                HAL_SYSCFG_DisableIOAnalogSwitchBooster
 .text          0x08000824      0x69c CMakeFiles/firmware.elf.dir/drivers/stm32l4xx-hal-driver/Src/stm32l4xx_hal_cortex.c.obj
                0x08000bf4                HAL_NVIC_SetPriorityGrouping
                0x08000c0a                HAL_NVIC_SetPriority
                0x08000c42                HAL_NVIC_EnableIRQ
                0x08000c5e                HAL_NVIC_DisableIRQ
                0x08000c7a                HAL_NVIC_SystemReset
                0x08000c82                HAL_SYSTICK_Config
                0x08000c9a                HAL_NVIC_GetPriorityGrouping
                0x08000ca8                HAL_NVIC_GetPriority
                0x08000cd4                HAL_NVIC_SetPendingIRQ
                0x08000cf0                HAL_NVIC_GetPendingIRQ
                0x08000d0e                HAL_NVIC_ClearPendingIRQ
                0x08000d2a                HAL_NVIC_GetActive
                0x08000d48                HAL_SYSTICK_CLKSourceConfig
                0x08000d80                HAL_SYSTICK_IRQHandler
                0x08000d8c                HAL_SYSTICK_Callback
                0x08000d9a                HAL_MPU_Enable
                0x08000dc8                HAL_MPU_Disable
                0x08000de8                HAL_MPU_EnableRegion
                0x08000e14                HAL_MPU_DisableRegion
                0x08000e40                HAL_MPU_ConfigRegion
 .text          0x08000ec0      0x634 CMakeFiles/firmware.elf.dir/drivers/stm32l4xx-hal-driver/Src/stm32l4xx_hal_gpio.c.obj
                0x08000ec0                HAL_GPIO_Init
                0x080011e4                HAL_GPIO_DeInit
                0x080013c8                HAL_GPIO_ReadPin
                0x080013f8                HAL_GPIO_WritePin
                0x08001428                HAL_GPIO_TogglePin
                0x0800145c                HAL_GPIO_LockPin
                0x080014ac                HAL_GPIO_EXTI_IRQHandler
 .text          0x080014f4     0x130c CMakeFiles/firmware.elf.dir/drivers/stm32l4xx-hal-driver/Src/stm32l4xx_hal_rcc.c.obj
                0x080014f4                HAL_RCC_DeInit
                0x08001638                HAL_RCC_OscConfig
                0x08001f30                HAL_RCC_ClockConfig
                0x080021a4                HAL_RCC_MCOConfig
                0x0800220c                HAL_RCC_GetSysClockFreq
                0x08002324                HAL_RCC_GetHCLKFreq
                0x0800235c                HAL_RCC_GetPCLK1Freq
                0x08002388                HAL_RCC_GetPCLK2Freq
                0x080023b4                HAL_RCC_GetOscConfig
                0x08002590                HAL_RCC_GetClockConfig
                0x080025f4                HAL_RCC_EnableCSS
                0x08002614                HAL_RCC_NMI_IRQHandler
                0x0800263c                HAL_RCC_CSSCallback
                0x0800264a                HAL_RCC_GetResetSource
 .text          0x08002800     0x2558 CMakeFiles/firmware.elf.dir/drivers/stm32l4xx-hal-driver/Src/stm32l4xx_hal_rcc_ex.c.obj
                0x08002800                HAL_RCCEx_PeriphCLKConfig
                0x08002ed8                HAL_RCCEx_GetPeriphCLKConfig
                0x08003100                HAL_RCCEx_GetPeriphCLKFreq
                0x08003ed8                HAL_RCCEx_EnablePLLSAI1
                0x08003fb0                HAL_RCCEx_DisablePLLSAI1
                0x08004024                HAL_RCCEx_EnablePLLSAI2
                0x080040fc                HAL_RCCEx_DisablePLLSAI2
                0x08004170                HAL_RCCEx_WakeUpStopCLKConfig
                0x08004198                HAL_RCCEx_StandbyMSIRangeConfig
                0x080041c8                HAL_RCCEx_EnableLSECSS
                0x080041ec                HAL_RCCEx_DisableLSECSS
                0x0800421c                HAL_RCCEx_EnableLSECSS_IT
                0x08004268                HAL_RCCEx_LSECSS_IRQHandler
                0x08004290                HAL_RCCEx_LSECSS_Callback
                0x0800429e                HAL_RCCEx_EnableLSCO
                0x08004380                HAL_RCCEx_DisableLSCO
                0x08004408                HAL_RCCEx_EnableMSIPLLMode
                0x08004428                HAL_RCCEx_DisableMSIPLLMode
                0x08004448                HAL_RCCEx_OCTOSPIDelayConfig
                0x0800447c                HAL_RCCEx_CRSConfig
                0x08004500                HAL_RCCEx_CRSSoftwareSynchronizationGenerate
                0x08004520                HAL_RCCEx_CRSGetSynchronizationInfo
                0x08004568                HAL_RCCEx_CRSWaitSynchronization
                0x0800464c                HAL_RCCEx_CRS_IRQHandler
                0x08004728                HAL_RCCEx_CRS_SyncOkCallback
                0x08004736                HAL_RCCEx_CRS_SyncWarnCallback
                0x08004744                HAL_RCCEx_CRS_ExpectedSyncCallback
                0x08004752                HAL_RCCEx_CRS_ErrorCallback
 .text          0x08004d58     0x42ac CMakeFiles/firmware.elf.dir/drivers/stm32l4xx-hal-driver/Src/stm32l4xx_hal_uart.c.obj
                0x08004d58                HAL_UART_Init
                0x08004df8                HAL_HalfDuplex_Init
                0x08004ea8                HAL_LIN_Init
                0x08004f88                HAL_MultiProcessor_Init
                0x08005060                HAL_UART_DeInit
                0x080050ce                HAL_UART_MspInit
                0x080050e2                HAL_UART_MspDeInit
                0x080050f6                HAL_UART_Transmit
                0x08005228                HAL_UART_Receive
                0x080053c8                HAL_UART_Transmit_IT
                0x080054f0                HAL_UART_Receive_IT
                0x08005588                HAL_UART_Transmit_DMA
                0x08005688                HAL_UART_Receive_DMA
                0x08005720                HAL_UART_DMAPause
                0x0800583c                HAL_UART_DMAResume
                0x08005944                HAL_UART_DMAStop
                0x08005a70                HAL_UART_Abort
                0x08005c7a                HAL_UART_AbortTransmit
                0x08005d92                HAL_UART_AbortReceive
                0x08005ef4                HAL_UART_Abort_IT
                0x0800615c                HAL_UART_AbortTransmit_IT
                0x08006290                HAL_UART_AbortReceive_IT
                0x0800641c                HAL_UART_IRQHandler
                0x08006a9e                HAL_UART_TxCpltCallback
                0x08006ab2                HAL_UART_TxHalfCpltCallback
                0x08006ac6                HAL_UART_RxCpltCallback
                0x08006ada                HAL_UART_RxHalfCpltCallback
                0x08006aee                HAL_UART_ErrorCallback
                0x08006b02                HAL_UART_AbortCpltCallback
                0x08006b16                HAL_UART_AbortTransmitCpltCallback
                0x08006b2a                HAL_UART_AbortReceiveCpltCallback
                0x08006b3e                HAL_UARTEx_RxEventCallback
                0x08006b56                HAL_UART_ReceiverTimeout_Config
                0x08006b90                HAL_UART_EnableReceiverTimeout
                0x08006c04                HAL_UART_DisableReceiverTimeout
                0x08006c78                HAL_MultiProcessor_EnableMuteMode
                0x08006ce8                HAL_MultiProcessor_DisableMuteMode
                0x08006d58                HAL_MultiProcessor_EnterMuteMode
                0x08006d7c                HAL_HalfDuplex_EnableTransmitter
                0x08006e24                HAL_HalfDuplex_EnableReceiver
                0x08006ecc                HAL_LIN_SendBreak
                0x08006f20                HAL_UART_GetState
                0x08006f4a                HAL_UART_GetError
                0x08006f64                UART_SetConfig
                0x0800755c                UART_AdvFeatureConfig
                0x080076a0                UART_CheckIdleState
                0x080077f4                UART_WaitOnFlagUntilTimeout
                0x080078ce                UART_Start_Receive_IT
                0x08007b10                UART_Start_Receive_DMA
 .text          0x08009004      0x914 CMakeFiles/firmware.elf.dir/drivers/stm32l4xx-hal-driver/Src/stm32l4xx_hal_uart_ex.c.obj
                0x08009004                HAL_RS485Ex_Init
                0x080090d6                HAL_UARTEx_WakeupCallback
                0x080090ea                HAL_UARTEx_RxFifoFullCallback
                0x080090fe                HAL_UARTEx_TxFifoEmptyCallback
                0x08009112                HAL_MultiProcessorEx_AddressLength_Set
                0x08009172                HAL_UARTEx_StopModeWakeUpSourceConfig
                0x08009228                HAL_UARTEx_EnableStopMode
                0x0800928e                HAL_UARTEx_DisableStopMode
                0x080092f4                HAL_UARTEx_EnableFifoMode
                0x0800936a                HAL_UARTEx_DisableFifoMode
                0x080093dc                HAL_UARTEx_SetTxFifoThreshold
                0x08009458                HAL_UARTEx_SetRxFifoThreshold
                0x080094d4                HAL_UARTEx_ReceiveToIdle
                0x080096d8                HAL_UARTEx_ReceiveToIdle_IT
                0x08009778                HAL_UARTEx_ReceiveToIdle_DMA
                0x08009820                HAL_UARTEx_GetRxEventType
 .text          0x08009918      0xb84 CMakeFiles/firmware.elf.dir/drivers/stm32l4xx-hal-driver/Src/stm32l4xx_hal_dma.c.obj
                0x08009918                HAL_DMA_Init
                0x08009a68                HAL_DMA_DeInit
                0x08009b94                HAL_DMA_Start
                0x08009c20                HAL_DMA_Start_IT
                0x08009d1c                HAL_DMA_Abort
                0x08009dda                HAL_DMA_Abort_IT
                0x08009e98                HAL_DMA_PollForTransfer
                0x0800a04a                HAL_DMA_IRQHandler
                0x0800a1d4                HAL_DMA_RegisterCallback
                0x0800a264                HAL_DMA_UnRegisterCallback
                0x0800a312                HAL_DMA_GetState
                0x0800a32e                HAL_DMA_GetError
 .text          0x0800a49c      0x334 CMakeFiles/firmware.elf.dir/drivers/stm32l4xx-hal-driver/Src/stm32l4xx_hal_pwr.c.obj
                0x0800a49c                HAL_PWR_DeInit
                0x0800a4c8                HAL_PWR_EnableBkUpAccess
                0x0800a4e8                HAL_PWR_DisableBkUpAccess
                0x0800a508                HAL_PWR_ConfigPVD
                0x0800a5c8                HAL_PWR_EnablePVD
                0x0800a5e8                HAL_PWR_DisablePVD
                0x0800a608                HAL_PWR_EnableWakeUpPin
                0x0800a648                HAL_PWR_DisableWakeUpPin
                0x0800a674                HAL_PWR_EnterSLEEPMode
                0x0800a6dc                HAL_PWR_EnterSTOPMode
                0x0800a70a                HAL_PWR_EnterSTANDBYMode
                0x0800a740                HAL_PWR_EnableSleepOnExit
                0x0800a760                HAL_PWR_DisableSleepOnExit
                0x0800a780                HAL_PWR_EnableSEVOnPend
                0x0800a7a0                HAL_PWR_DisableSEVOnPend
                0x0800a7c0                HAL_PWR_PVDCallback
 .text          0x0800a7d0      0xf04 CMakeFiles/firmware.elf.dir/drivers/stm32l4xx-hal-driver/Src/stm32l4xx_hal_pwr_ex.c.obj
                0x0800a7d0                HAL_PWREx_GetVoltageRange
                0x0800a810                HAL_PWREx_ControlVoltageScaling
                0x0800a958                HAL_PWREx_EnableBatteryCharging
                0x0800a98c                HAL_PWREx_DisableBatteryCharging
                0x0800a9ac                HAL_PWREx_EnableVddUSB
                0x0800a9cc                HAL_PWREx_DisableVddUSB
                0x0800a9ec                HAL_PWREx_EnableVddIO2
                0x0800aa0c                HAL_PWREx_DisableVddIO2
                0x0800aa2c                HAL_PWREx_EnableInternalWakeUpLine
                0x0800aa4c                HAL_PWREx_DisableInternalWakeUpLine
                0x0800aa6c                HAL_PWREx_EnableGPIOPullUp
                0x0800abd8                HAL_PWREx_DisableGPIOPullUp
                0x0800accc                HAL_PWREx_EnableGPIOPullDown
                0x0800ae38                HAL_PWREx_DisableGPIOPullDown
                0x0800af30                HAL_PWREx_EnablePullUpPullDownConfig
                0x0800af50                HAL_PWREx_DisablePullUpPullDownConfig
                0x0800af70                HAL_PWREx_EnableSRAM2ContentRetention
                0x0800af80                HAL_PWREx_DisableSRAM2ContentRetention
                0x0800af8e                HAL_PWREx_SetSRAM2ContentRetention
                0x0800aff4                HAL_PWREx_EnableBORPVD_ULP
                0x0800b014                HAL_PWREx_DisableBORPVD_ULP
                0x0800b034                HAL_PWREx_EnableExtSMPS_0V95
                0x0800b054                HAL_PWREx_DisableExtSMPS_0V95
                0x0800b074                HAL_PWREx_EnableSRAM3ContentRetention
                0x0800b094                HAL_PWREx_DisableSRAM3ContentRetention
                0x0800b0b4                HAL_PWREx_EnablePVM1
                0x0800b0d4                HAL_PWREx_DisablePVM1
                0x0800b0f4                HAL_PWREx_EnablePVM2
                0x0800b114                HAL_PWREx_DisablePVM2
                0x0800b134                HAL_PWREx_EnablePVM3
                0x0800b154                HAL_PWREx_DisablePVM3
                0x0800b174                HAL_PWREx_EnablePVM4
                0x0800b194                HAL_PWREx_DisablePVM4
                0x0800b1b4                HAL_PWREx_ConfigPVM
                0x0800b458                HAL_PWREx_EnableLowPowerRunMode
                0x0800b478                HAL_PWREx_DisableLowPowerRunMode
                0x0800b4e8                HAL_PWREx_EnterSTOP0Mode
                0x0800b53c                HAL_PWREx_EnterSTOP1Mode
                0x0800b594                HAL_PWREx_EnterSTOP2Mode
                0x0800b5ec                HAL_PWREx_EnterSHUTDOWNMode
                0x0800b620                HAL_PWREx_PVD_PVM_IRQHandler
                0x0800b69c                HAL_PWREx_PVM1Callback
                0x0800b6aa                HAL_PWREx_PVM2Callback
                0x0800b6b8                HAL_PWREx_PVM3Callback
                0x0800b6c6                HAL_PWREx_PVM4Callback
 .text          0x0800b6d4     0x2f08 CMakeFiles/firmware.elf.dir/drivers/stm32l4xx-hal-driver/Src/stm32l4xx_hal_sd.c.obj
                0x0800b6d4                HAL_SD_Init
                0x0800b80c                HAL_SD_InitCard
                0x0800b964                HAL_SD_DeInit
                0x0800b9b0                HAL_SD_MspInit
                0x0800b9c4                HAL_SD_MspDeInit
                0x0800b9d8                HAL_SD_ReadBlocks
                0x0800bcfc                HAL_SD_WriteBlocks
                0x0800c028                HAL_SD_ReadBlocks_IT
                0x0800c16c                HAL_SD_WriteBlocks_IT
                0x0800c2b0                HAL_SD_ReadBlocks_DMA
                0x0800c400                HAL_SD_WriteBlocks_DMA
                0x0800c550                HAL_SD_Erase
                0x0800c6e8                HAL_SD_IRQHandler
                0x0800ca52                HAL_SD_GetState
                0x0800ca6e                HAL_SD_GetError
                0x0800ca86                HAL_SD_TxCpltCallback
                0x0800ca9a                HAL_SD_RxCpltCallback
                0x0800caae                HAL_SD_ErrorCallback
                0x0800cac2                HAL_SD_AbortCallback
                0x0800cad6                HAL_SD_GetCardCID
                0x0800cb7c                HAL_SD_GetCardCSD
                0x0800cec4                HAL_SD_GetCardStatus
                0x0800d030                HAL_SD_GetCardInfo
                0x0800d090                HAL_SD_ConfigWideBusOperation
                0x0800d2c0                HAL_SD_ConfigSpeedBusOperation
                0x0800d5c8                HAL_SD_GetCardState
                0x0800d608                HAL_SD_Abort
                0x0800d68c                HAL_SD_Abort_IT
                0x0800e0bc                SD_HighSpeed
 .text          0x0800e5dc      0x36c CMakeFiles/firmware.elf.dir/drivers/stm32l4xx-hal-driver/Src/stm32l4xx_hal_sd_ex.c.obj
                0x0800e5dc                HAL_SDEx_HighSpeed
                0x0800e5f4                HAL_SDEx_DriveTransceiver_1_8V_Callback
                0x0800e60a                HAL_SDEx_ConfigDMAMultiBuffer
                0x0800e650                HAL_SDEx_ReadBlocksDMAMultiBuffer
                0x0800e798                HAL_SDEx_WriteBlocksDMAMultiBuffer
                0x0800e8c2                HAL_SDEx_ChangeDMABuffer
                0x0800e8f6                HAL_SDEx_Read_DMADoubleBuffer0CpltCallback
                0x0800e90a                HAL_SDEx_Read_DMADoubleBuffer1CpltCallback
                0x0800e91e                HAL_SDEx_Write_DMADoubleBuffer0CpltCallback
                0x0800e932                HAL_SDEx_Write_DMADoubleBuffer1CpltCallback
 .text          0x0800e948      0xf20 CMakeFiles/firmware.elf.dir/drivers/stm32l4xx-hal-driver/Src/stm32l4xx_ll_sdmmc.c.obj
                0x0800e948                SDMMC_Init
                0x0800e99c                SDMMC_ReadFIFO
                0x0800e9b6                SDMMC_WriteFIFO
                0x0800e9d8                SDMMC_PowerState_ON
                0x0800e9fc                SDMMC_PowerState_Cycle
                0x0800ea1e                SDMMC_PowerState_OFF
                0x0800ea40                SDMMC_GetPowerState
                0x0800ea5c                SDMMC_SendCommand
                0x0800eab0                SDMMC_GetCommandResponse
                0x0800eaca                SDMMC_GetResponse
                0x0800eaf0                SDMMC_ConfigData
                0x0800eb48                SDMMC_GetDataCounter
                0x0800eb60                SDMMC_GetFIFOCount
                0x0800eb7a                SDMMC_SetSDMMCReadWaitMode
                0x0800eba2                SDMMC_CmdBlockLength
                0x0800ebe8                SDMMC_CmdReadSingleBlock
                0x0800ec2e                SDMMC_CmdReadMultiBlock
                0x0800ec74                SDMMC_CmdWriteSingleBlock
                0x0800ecba                SDMMC_CmdWriteMultiBlock
                0x0800ed00                SDMMC_CmdSDEraseStartAdd
                0x0800ed46                SDMMC_CmdSDEraseEndAdd
                0x0800ed8c                SDMMC_CmdEraseStartAdd
                0x0800edd2                SDMMC_CmdEraseEndAdd
                0x0800ee18                SDMMC_CmdErase
                0x0800ee5e                SDMMC_CmdStopTransfer
                0x0800eec8                SDMMC_CmdSelDesel
                0x0800ef10                SDMMC_CmdGoIdleState
                0x0800ef4c                SDMMC_CmdOperCond
                0x0800ef8c                SDMMC_CmdAppCommand
                0x0800efd2                SDMMC_CmdAppOperCommand
                0x0800f012                SDMMC_CmdBusWidth
                0x0800f058                SDMMC_CmdSendSCR
                0x0800f09c                SDMMC_CmdSendCID
                0x0800f0da                SDMMC_CmdSendCSD
                0x0800f11a                SDMMC_CmdSetRelAdd
                0x0800f15e                SDMMC_CmdSetRelAddMmc
                0x0800f1a8                SDMMC_CmdSleepMmc
                0x0800f1ee                SDMMC_CmdSendStatus
                0x0800f234                SDMMC_CmdStatusRegister
                0x0800f278                SDMMC_CmdOpCondition
                0x0800f2b8                SDMMC_CmdSwitch
                0x0800f2fe                SDMMC_CmdVoltageSwitch
                0x0800f342                SDMMC_CmdSendEXTCSD
                0x0800f388                SDMMC_GetCmdResp1
                0x0800f56c                SDMMC_GetCmdResp2
                0x0800f600                SDMMC_GetCmdResp3
                0x0800f680                SDMMC_GetCmdResp6
                0x0800f770                SDMMC_GetCmdResp7
 .text          0x0800f868      0x2dc CMakeFiles/firmware.elf.dir/core/src/main.c.obj
                0x0800f868                main
                0x0800f89e                tx_application_define
                0x0800f984                thread_button
                0x0800f994                thread_read_sensor
                0x0800fb24                thread_log_data
 .text          0x0800fb44      0x23c CMakeFiles/firmware.elf.dir/core/src/sd_init.c.obj
                0x0800fb44                SDMMC1_SD_Init
 .text          0x0800fd80      0x288 CMakeFiles/firmware.elf.dir/core/src/system.c.obj
                0x0800fd80                HAL_GetTick
                0x0800fd8e                SystemClock_Config
                0x0800fe80                gpio_init
                0x0800ff54                EXTI15_10_IRQHandler
                0x0800ff64                HAL_GPIO_EXTI_Callback
                0x0800ff8a                Calculate_Modbus_CRC
 .text          0x08010008      0x240 CMakeFiles/firmware.elf.dir/core/src/uart1_init.c.obj
                0x08010008                LPUART1_Init
                0x080101bc                DMA1_Channel1_IRQHandler
                0x080101d0                DMA1_Channel2_IRQHandler
                0x080101e4                LPUART1_IRQHandler
 .text          0x08010248      0x2fc CMakeFiles/firmware.elf.dir/core/src/usart1_rs485_init.c.obj
                0x08010248                USART1_RS485_Init
                0x08010438                RS485_SendRaw
                0x080104b8                DMA1_Channel3_IRQHandler
                0x080104cc                DMA1_Channel4_IRQHandler
                0x080104e0                USART1_IRQHandler
 *fill*         0x08010544        0xc 
 .text          0x08010550       0xc0 middlewares/threadx/libthreadx.a(tx_thread_schedule.S.obj)
                0x08010550                _tx_thread_schedule
                0x0801057c                PendSV_Handler
                0x0801057c                __tx_PendSVHandler
                0x080105fe                tx_thread_fpu_enable
                0x080105fe                tx_thread_fpu_disable
 .text          0x08010610       0xb8 middlewares/threadx/libthreadx.a(tx_timer_interrupt.S.obj)
                0x08010610                _tx_timer_interrupt
 .text          0x080106c8       0x88 middlewares/threadx/libthreadx.a(tx_initialize_high_level.c.obj)
                0x080106c8                _tx_initialize_high_level
 .text          0x08010750       0x54 middlewares/threadx/libthreadx.a(tx_initialize_kernel_enter.c.obj)
                0x08010750                _tx_initialize_kernel_enter
 .text          0x080107a4       0x80 middlewares/threadx/libthreadx.a(tx_thread_initialize.c.obj)
                0x080107a4                _tx_thread_initialize
 .text          0x08010824      0x100 middlewares/threadx/libthreadx.a(tx_thread_sleep.c.obj)
                0x08010824                _tx_thread_sleep
 .text          0x08010924      0x320 middlewares/threadx/libthreadx.a(tx_thread_system_suspend.c.obj)
                0x08010924                _tx_thread_system_suspend
 .text          0x08010c44       0xa4 middlewares/threadx/libthreadx.a(tx_thread_time_slice.c.obj)
                0x08010c44                _tx_thread_time_slice
 .text          0x08010ce8       0x3c middlewares/threadx/libthreadx.a(tx_time_get.c.obj)
                0x08010ce8                _tx_time_get
 .text          0x08010d24       0x44 middlewares/threadx/libthreadx.a(tx_timer_expiration_process.c.obj)
                0x08010d24                _tx_timer_expiration_process
 .text          0x08010d68       0xf8 middlewares/threadx/libthreadx.a(tx_timer_initialize.c.obj)
                0x08010d68                _tx_timer_initialize
 .text          0x08010e60       0xc4 middlewares/threadx/libthreadx.a(tx_timer_system_activate.c.obj)
                0x08010e60                _tx_timer_system_activate
 .text          0x08010f24      0x1fc middlewares/threadx/libthreadx.a(tx_timer_thread_entry.c.obj)
                0x08010f24                _tx_timer_thread_entry
 .text          0x08011120      0x12c middlewares/threadx/libthreadx.a(txe_semaphore_create.c.obj)
                0x08011120                _txe_semaphore_create
 .text          0x0801124c       0x84 middlewares/threadx/libthreadx.a(txe_semaphore_get.c.obj)
                0x0801124c                _txe_semaphore_get
 .text          0x080112d0       0x3c middlewares/threadx/libthreadx.a(txe_semaphore_put.c.obj)
                0x080112d0                _txe_semaphore_put
 .text          0x0801130c      0x1e4 middlewares/threadx/libthreadx.a(txe_thread_create.c.obj)
                0x0801130c                _txe_thread_create
 .text          0x080114f0       0xa4 middlewares/threadx/libthreadx.a(tx_semaphore_create.c.obj)
                0x080114f0                _tx_semaphore_create
 .text          0x08011594      0x124 middlewares/threadx/libthreadx.a(tx_semaphore_get.c.obj)
                0x08011594                _tx_semaphore_get
 .text          0x080116b8       0xd8 middlewares/threadx/libthreadx.a(tx_semaphore_put.c.obj)
                0x080116b8                _tx_semaphore_put
 .text          0x08011790      0x1d4 middlewares/threadx/libthreadx.a(tx_thread_create.c.obj)
                0x08011790                _tx_thread_create
 .text          0x08011964       0xe0 middlewares/threadx/libthreadx.a(tx_thread_shell_entry.c.obj)
                0x08011964                _tx_thread_shell_entry
 .text          0x08011a44       0x74 middlewares/threadx/libthreadx.a(tx_thread_system_preempt_check.c.obj)
                0x08011a44                _tx_thread_system_preempt_check
 .text          0x08011ab8      0x228 middlewares/threadx/libthreadx.a(tx_thread_system_resume.c.obj)
                0x08011ab8                _tx_thread_system_resume
 .text          0x08011ce0       0x78 middlewares/threadx/libthreadx.a(tx_thread_timeout.c.obj)
                0x08011ce0                _tx_thread_timeout
 .text          0x08011d58       0x6e middlewares/threadx/libthreadx.a(tx_timer_system_deactivate.c.obj)
                0x08011d58                _tx_timer_system_deactivate
 *fill*         0x08011dc6        0xa 
 .text          0x08011dd0       0x40 middlewares/threadx/libthreadx.a(tx_thread_stack_build.S.obj)
                0x08011dd0                _tx_thread_stack_build
 .text          0x08011e10       0xf8 middlewares/threadx/libthreadx.a(tx_semaphore_cleanup.c.obj)
                0x08011e10                _tx_semaphore_cleanup
 .text          0x08011f08       0x30 /usr/lib/gcc/arm-none-eabi/13.2.1/thumb/v7e-m+fp/hard/libgcc.a(_aeabi_uldivmod.o)
                0x08011f08                __aeabi_uldivmod
 .text          0x08011f38      0x2bc /usr/lib/gcc/arm-none-eabi/13.2.1/thumb/v7e-m+fp/hard/libgcc.a(_udivmoddi4.o)
                0x08011f38                __udivmoddi4
 .text          0x080121f4        0x4 /usr/lib/gcc/arm-none-eabi/13.2.1/thumb/v7e-m+fp/hard/libgcc.a(_dvmd_tls.o)
                0x080121f4                __aeabi_ldiv0
                0x080121f4                __aeabi_idiv0
 .text          0x080121f8       0x80 /usr/lib/gcc/arm-none-eabi/13.2.1/../../../arm-none-eabi/lib/thumb/v7e-m+fp/hard/libg_nano.a(libc_a-sprintf.o)
                0x080121f8                _siprintf_r
                0x080121f8                _sprintf_r
                0x08012234                sprintf
                0x08012234                siprintf
 .text          0x08012278      0x400 /usr/lib/gcc/arm-none-eabi/13.2.1/../../../arm-none-eabi/lib/thumb/v7e-m+fp/hard/libg_nano.a(libc_a-nano-svfprintf.o)
                0x08012278                __ssputs_r
                0x08012338                __ssprint_r
                0x08012440                _svfprintf_r
                0x08012440                _svfiprintf_r
 .text          0x08012678       0x50 /usr/lib/gcc/arm-none-eabi/13.2.1/../../../arm-none-eabi/lib/thumb/v7e-m+fp/hard/libg_nano.a(libc_a-init.o)
                0x08012678                __libc_init_array
 *fill*         0x080126c8       0x38 
 .text          0x08012700       0xd8 /usr/lib/gcc/arm-none-eabi/13.2.1/../../../arm-none-eabi/lib/thumb/v7e-m+fp/hard/libg_nano.a(libc_a-strlen.o)
                0x08012700                strlen
 .text          0x080127d8       0xa4 /usr/lib/gcc/arm-none-eabi/13.2.1/../../../arm-none-eabi/lib/thumb/v7e-m+fp/hard/libg_nano.a(libc_a-memset.o)
                0x080127d8                memset
 .text          0x0801287c      0x148 /usr/lib/gcc/arm-none-eabi/13.2.1/../../../arm-none-eabi/lib/thumb/v7e-m+fp/hard/libg_nano.a(libc_a-mallocr.o)
                0x080128c4                _malloc_r
 .text          0x080129c4       0xbc /usr/lib/gcc/arm-none-eabi/13.2.1/../../../arm-none-eabi/lib/thumb/v7e-m+fp/hard/libg_nano.a(libc_a-freer.o)
                0x080129c4                _free_r
 .text          0x08012a80      0x100 /usr/lib/gcc/arm-none-eabi/13.2.1/../../../arm-none-eabi/lib/thumb/v7e-m+fp/hard/libg_nano.a(libc_a-memmove.o)
                0x08012a80                memmove
 .text          0x08012b80       0xa0 /usr/lib/gcc/arm-none-eabi/13.2.1/../../../arm-none-eabi/lib/thumb/v7e-m+fp/hard/libg_nano.a(libc_a-memchr.o)
                0x08012b80                memchr
 .text          0x08012c20      0x134 /usr/lib/gcc/arm-none-eabi/13.2.1/../../../arm-none-eabi/lib/thumb/v7e-m+fp/hard/libg_nano.a(libc_a-memcpy.o)
                0x08012c20                memcpy
 .text          0x08012d54       0x64 /usr/lib/gcc/arm-none-eabi/13.2.1/../../../arm-none-eabi/lib/thumb/v7e-m+fp/hard/libg_nano.a(libc_a-reallocr.o)
                0x08012d54                _realloc_r
 .text          0x08012db8      0x3a8 /usr/lib/gcc/arm-none-eabi/13.2.1/../../../arm-none-eabi/lib/thumb/v7e-m+fp/hard/libg_nano.a(libc_a-nano-vfprintf_i.o)
                0x08012db8                _printf_common
                0x08012edc                _printf_i
 .text          0x08013160        0x8 /usr/lib/gcc/arm-none-eabi/13.2.1/../../../arm-none-eabi/lib/thumb/v7e-m+fp/hard/libg_nano.a(libc_a-mlock.o)
                0x08013160                __malloc_lock
                0x08013164                __malloc_unlock
 .text          0x08013168       0x24 /usr/lib/gcc/arm-none-eabi/13.2.1/../../../arm-none-eabi/lib/thumb/v7e-m+fp/hard/libg_nano.a(libc_a-sbrkr.o)
                0x08013168                _sbrk_r
 .text          0x0801318c       0x10 /usr/lib/gcc/arm-none-eabi/13.2.1/../../../arm-none-eabi/lib/thumb/v7e-m+fp/hard/libg_nano.a(libc_a-msizer.o)
                0x0801318c                _malloc_usable_size_r
 .text          0x0801319c       0x1c /usr/lib/gcc/arm-none-eabi/13.2.1/../../../arm-none-eabi/lib/thumb/v7e-m+fp/hard/libnosys.a(sbrk.o)
                0x0801319c                _sbrk
 *(.text*)
 .text.Reset_Handler
                0x080131b8       0x4c CMakeFiles/firmware.elf.dir/startup.s.obj
                0x080131b8                Reset_Handler
 .text.Default_Handler
                0x08013204        0x2 CMakeFiles/firmware.elf.dir/startup.s.obj
                0x08013204                RTC_Alarm_IRQHandler
                0x08013204                EXTI2_IRQHandler
                0x08013204                TIM8_TRG_COM_IRQHandler
                0x08013204                TIM8_CC_IRQHandler
                0x08013204                DebugMon_Handler
                0x08013204                TIM1_CC_IRQHandler
                0x08013204                TSC_IRQHandler
                0x08013204                HardFault_Handler
                0x08013204                TAMP_STAMP_IRQHandler
                0x08013204                NMI_Handler
                0x08013204                EXTI3_IRQHandler
                0x08013204                LPTIM2_IRQHandler
                0x08013204                DFSDM1_FLT1_IRQHandler
                0x08013204                I2C3_ER_IRQHandler
                0x08013204                EXTI0_IRQHandler
                0x08013204                I2C2_EV_IRQHandler
                0x08013204                CAN1_RX0_IRQHandler
                0x08013204                FPU_IRQHandler
                0x08013204                TIM1_UP_TIM16_IRQHandler
                0x08013204                UsageFault_Handler
                0x08013204                LTDC_ER_IRQHandler
                0x08013204                ADC1_2_IRQHandler
                0x08013204                SPI1_IRQHandler
                0x08013204                OCTOSPI1_IRQHandler
                0x08013204                TIM6_DAC_IRQHandler
                0x08013204                TIM8_UP_IRQHandler
                0x08013204                OCTOSPI2_IRQHandler
                0x08013204                DMA2_Channel2_IRQHandler
                0x08013204                SAI2_IRQHandler
                0x08013204                USART3_IRQHandler
                0x08013204                DMA1_Channel7_IRQHandler
                0x08013204                CAN1_RX1_IRQHandler
                0x08013204                UART5_IRQHandler
                0x08013204                TIM4_IRQHandler
                0x08013204                DMA2_Channel1_IRQHandler
                0x08013204                I2C1_EV_IRQHandler
                0x08013204                DMAMUX1_OVR_IRQHandler
                0x08013204                DMA1_Channel6_IRQHandler
                0x08013204                UART4_IRQHandler
                0x08013204                DMA2_Channel4_IRQHandler
                0x08013204                TIM3_IRQHandler
                0x08013204                RCC_IRQHandler
                0x08013204                Default_Handler
                0x08013204                DMA2_Channel7_IRQHandler
                0x08013204                TIM7_IRQHandler
                0x08013204                SDMMC1_IRQHandler
                0x08013204                TIM5_IRQHandler
                0x08013204                I2C3_EV_IRQHandler
                0x08013204                EXTI9_5_IRQHandler
                0x08013204                RTC_WKUP_IRQHandler
                0x08013204                LTDC_IRQHandler
                0x08013204                PVD_PVM_IRQHandler
                0x08013204                SPI2_IRQHandler
                0x08013204                MemManage_Handler
                0x08013204                CAN1_TX_IRQHandler
                0x08013204                SVC_Handler
                0x08013204                DMA2_Channel5_IRQHandler
                0x08013204                DMA1_Channel5_IRQHandler
                0x08013204                EXTI4_IRQHandler
                0x08013204                RNG_IRQHandler
                0x08013204                TIM1_TRG_COM_TIM17_IRQHandler
                0x08013204                COMP_IRQHandler
                0x08013204                HASH_CRS_IRQHandler
                0x08013204                WWDG_IRQHandler
                0x08013204                I2C4_EV_IRQHandler
                0x08013204                DMA2_Channel6_IRQHandler
                0x08013204                TIM2_IRQHandler
                0x08013204                DMA2D_IRQHandler
                0x08013204                EXTI1_IRQHandler
                0x08013204                SDMMC2_IRQHandler
                0x08013204                USART2_IRQHandler
                0x08013204                DFSDM1_FLT0_IRQHandler
                0x08013204                I2C2_ER_IRQHandler
                0x08013204                TIM8_BRK_IRQHandler
                0x08013204                CAN1_SCE_IRQHandler
                0x08013204                FLASH_IRQHandler
                0x08013204                BusFault_Handler
                0x08013204                OTG_FS_IRQHandler
                0x08013204                SPI3_IRQHandler
                0x08013204                I2C1_ER_IRQHandler
                0x08013204                FMC_IRQHandler
                0x08013204                LPTIM1_IRQHandler
                0x08013204                DCMI_PSSI_IRQHandler
                0x08013204                I2C4_ER_IRQHandler
                0x08013204                SAI1_IRQHandler
                0x08013204                DMA2_Channel3_IRQHandler
                0x08013204                TIM1_BRK_TIM15_IRQHandler
 *(.glue_7)
 .glue_7        0x08013206        0x0 linker stubs
 *(.glue_7t)
 .glue_7t       0x08013206        0x0 linker stubs
 *(.eh_frame)
 *fill*         0x08013206        0x2 
 .eh_frame      0x08013208        0x0 /usr/lib/gcc/arm-none-eabi/13.2.1/thumb/v7e-m+fp/hard/crtbegin.o
 *(.init)
 .init          0x08013208        0x4 /usr/lib/gcc/arm-none-eabi/13.2.1/thumb/v7e-m+fp/hard/crti.o
                0x08013208                _init
 .init          0x0801320c        0x8 /usr/lib/gcc/arm-none-eabi/13.2.1/thumb/v7e-m+fp/hard/crtn.o
 *(.fini)
 .fini          0x08013214        0x4 /usr/lib/gcc/arm-none-eabi/13.2.1/thumb/v7e-m+fp/hard/crti.o
                0x08013214                _fini
 .fini          0x08013218        0x8 /usr/lib/gcc/arm-none-eabi/13.2.1/thumb/v7e-m+fp/hard/crtn.o
                0x08013220                        . = ALIGN (0x4)
                0x08013220                        _etext = .

.vfp11_veneer   0x08013220        0x0
 .vfp11_veneer  0x08013220        0x0 linker stubs

.v4_bx          0x08013220        0x0
 .v4_bx         0x08013220        0x0 linker stubs

.iplt           0x08013220        0x0
 .iplt          0x08013220        0x0 /usr/lib/gcc/arm-none-eabi/13.2.1/thumb/v7e-m+fp/hard/crtbegin.o

.rodata         0x08013220      0x300
                0x08013220                        . = ALIGN (0x4)
 *(.rodata)
 .rodata        0x08013220       0x20 CMakeFiles/firmware.elf.dir/drivers/stm32l4xx-hal-driver/Src/stm32l4xx_hal_uart.c.obj
                0x08013228                UARTPrescTable
 .rodata        0x08013240       0x18 CMakeFiles/firmware.elf.dir/drivers/stm32l4xx-hal-driver/Src/stm32l4xx_hal_uart_ex.c.obj
 .rodata        0x08013258       0x50 CMakeFiles/firmware.elf.dir/drivers/cmsis-device-l4/Source/Templates/system_stm32l4xx.c.obj
                0x08013260                AHBPrescTable
                0x08013270                APBPrescTable
                0x08013278                MSIRangeTable
 .rodata        0x080132a8       0xa3 CMakeFiles/firmware.elf.dir/core/src/main.c.obj
 *fill*         0x0801334b        0x1 
 .rodata        0x0801334c      0x181 CMakeFiles/firmware.elf.dir/core/src/sd_init.c.obj
 *fill*         0x080134cd        0x3 
 .rodata        0x080134d0       0x14 middlewares/threadx/libthreadx.a(tx_timer_initialize.c.obj)
 *(.rodata*)
 .rodata.str1.4
                0x080134e4       0x39 /usr/lib/gcc/arm-none-eabi/13.2.1/../../../arm-none-eabi/lib/thumb/v7e-m+fp/hard/libg_nano.a(libc_a-nano-svfprintf.o)
                                 0x13 (size before relaxing)
 .rodata.str1.4
                0x0801351d       0x25 /usr/lib/gcc/arm-none-eabi/13.2.1/../../../arm-none-eabi/lib/thumb/v7e-m+fp/hard/libg_nano.a(libc_a-nano-vfprintf_i.o)
                0x08013544                        . = ALIGN (0x4)
 *fill*         0x0801351d        0x3 

.ARM.extab      0x08013520        0x0
                0x08013520                        . = ALIGN (0x4)
 *(.ARM.extab* .gnu.linkonce.armextab.*)
                0x08013520                        . = ALIGN (0x4)

.ARM            0x08013520        0x8
                0x08013520                        . = ALIGN (0x4)
                0x08013520                        __exidx_start = .
 *(.ARM.exidx*)
 .ARM.exidx     0x08013520        0x8 /usr/lib/gcc/arm-none-eabi/13.2.1/thumb/v7e-m+fp/hard/libgcc.a(_udivmoddi4.o)
 .ARM.exidx     0x08013528        0x0 /usr/lib/gcc/arm-none-eabi/13.2.1/../../../arm-none-eabi/lib/thumb/v7e-m+fp/hard/libg_nano.a(libc_a-strlen.o)
                                  0x8 (size before relaxing)
 .ARM.exidx     0x08013528        0x0 /usr/lib/gcc/arm-none-eabi/13.2.1/../../../arm-none-eabi/lib/thumb/v7e-m+fp/hard/libg_nano.a(libc_a-memchr.o)
                                  0x8 (size before relaxing)
 .ARM.exidx     0x08013528        0x0 /usr/lib/gcc/arm-none-eabi/13.2.1/../../../arm-none-eabi/lib/thumb/v7e-m+fp/hard/libg_nano.a(libc_a-memcpy.o)
                                  0x8 (size before relaxing)
                0x08013528                        __exidx_end = .
                0x08013528                        . = ALIGN (0x4)

.preinit_array  0x08013528        0x0
                0x08013528                        . = ALIGN (0x4)
                0x08013528                        PROVIDE (__preinit_array_start = .)
 *(.preinit_array*)
                0x08013528                        PROVIDE (__preinit_array_end = .)
                0x08013528                        . = ALIGN (0x4)

.init_array     0x08013528        0x4
                0x08013528                        . = ALIGN (0x4)
                0x08013528                        PROVIDE (__init_array_start = .)
 *(SORT_BY_NAME(.init_array.*))
 *(.init_array*)
 .init_array    0x08013528        0x4 /usr/lib/gcc/arm-none-eabi/13.2.1/thumb/v7e-m+fp/hard/crtbegin.o
                0x0801352c                        PROVIDE (__init_array_end = .)
                0x0801352c                        . = ALIGN (0x4)

.fini_array     0x0801352c        0x4
                0x0801352c                        . = ALIGN (0x4)
                0x0801352c                        PROVIDE (__fini_array_start = .)
 *(SORT_BY_NAME(.fini_array.*))
 *(.fini_array*)
 .fini_array    0x0801352c        0x4 /usr/lib/gcc/arm-none-eabi/13.2.1/thumb/v7e-m+fp/hard/crtbegin.o
                0x08013530                        PROVIDE (__fini_array_end = .)
                0x08013530                        . = ALIGN (0x4)
                0x08013530                        _sidata = LOADADDR (.data)

.rel.dyn        0x08013530        0x0
 .rel.iplt      0x08013530        0x0 /usr/lib/gcc/arm-none-eabi/13.2.1/thumb/v7e-m+fp/hard/crtbegin.o

.data           0x20000000       0xdc load address 0x08013530
                0x20000000                        . = ALIGN (0x4)
                0x20000000                        _sdata = .
 *(.data)
 .data          0x20000000        0x5 CMakeFiles/firmware.elf.dir/drivers/stm32l4xx-hal-driver/Src/stm32l4xx_hal.c.obj
                0x20000000                uwTickPrio
                0x20000004                uwTickFreq
 *fill*         0x20000005        0x3 
 .data          0x20000008        0x4 CMakeFiles/firmware.elf.dir/drivers/cmsis-device-l4/Source/Templates/system_stm32l4xx.c.obj
                0x20000008                SystemCoreClock
 .data          0x2000000c       0x80 middlewares/threadx/libthreadx.a(tx_thread_initialize.c.obj)
                0x2000000c                _tx_version_id
                0x20000088                _tx_thread_system_state
 .data          0x2000008c       0x50 /usr/lib/gcc/arm-none-eabi/13.2.1/../../../arm-none-eabi/lib/thumb/v7e-m+fp/hard/libg_nano.a(libc_a-impure.o)
                0x2000008c                _impure_ptr
                0x20000090                _impure_data
 *(.data*)
 *(.RamFunc)
 *(.RamFunc*)
                0x200000dc                        . = ALIGN (0x4)
                0x200000dc                        _edata = .
                0x0801360c                        _sisram2 = LOADADDR (.sram2)

.tm_clone_table
                0x200000dc        0x0 load address 0x0801360c
 .tm_clone_table
                0x200000dc        0x0 /usr/lib/gcc/arm-none-eabi/13.2.1/thumb/v7e-m+fp/hard/crtbegin.o
 .tm_clone_table
                0x200000dc        0x0 /usr/lib/gcc/arm-none-eabi/13.2.1/thumb/v7e-m+fp/hard/crtend.o

.igot.plt       0x200000dc        0x0 load address 0x0801360c
 .igot.plt      0x200000dc        0x0 /usr/lib/gcc/arm-none-eabi/13.2.1/thumb/v7e-m+fp/hard/crtbegin.o

.sram2          0x10000000        0x0 load address 0x0801360c
                0x10000000                        . = ALIGN (0x4)
                0x10000000                        _ssram2 = .
 *(.sram2)
 *(.sram2*)
                0x10000000                        . = ALIGN (0x4)
                0x10000000                        _esram2 = .
                0x10000000                        . = ALIGN (0x4)

.bss            0x200000dc     0x2640
                0x200000dc                        _sbss = .
                0x200000dc                        __bss_start__ = _sbss
 *(.bss)
 .bss           0x200000dc       0x1c /usr/lib/gcc/arm-none-eabi/13.2.1/thumb/v7e-m+fp/hard/crtbegin.o
 .bss           0x200000f8        0x4 CMakeFiles/firmware.elf.dir/drivers/stm32l4xx-hal-driver/Src/stm32l4xx_hal.c.obj
                0x200000f8                uwTick
 .bss           0x200000fc     0x1a5c CMakeFiles/firmware.elf.dir/core/src/main.c.obj
                0x200000fc                pc_rx_sem
                0x2000011c                modbus_rx_sem
                0x2000013c                numero_uno
                0x200001f0                numero_duo
                0x200002a4                numero_tres
                0x20000358                stack_area0
                0x20000b58                stack_area1
                0x20001358                stack_area2
 .bss           0x20001b58       0x80 CMakeFiles/firmware.elf.dir/core/src/sd_init.c.obj
                0x20001b58                hsd_sdmmc1
 .bss           0x20001bd8      0x1d6 CMakeFiles/firmware.elf.dir/core/src/uart1_init.c.obj
                0x20001bd8                hlpuart1
                0x20001c6c                hdma_lpuart1_tx
                0x20001ccc                hdma_lpuart1_rx
                0x20001d2c                pc_rx_buffer
                0x20001dac                pc_rx_len
 *fill*         0x20001dae        0x2 
 .bss           0x20001db0      0x1d6 CMakeFiles/firmware.elf.dir/core/src/usart1_rs485_init.c.obj
                0x20001db0                huart1
                0x20001e44                hdma_usart1_tx
                0x20001ea4                hdma_usart1_rx
                0x20001f04                modbus_rx_buffer
                0x20001f84                modbus_rx_len
 *fill*         0x20001f86        0x2 
 .bss           0x20001f88       0x34 middlewares/threadx/libthreadx.a(tx_initialize_high_level.c.obj)
                0x20001f88                _tx_semaphore_created_ptr
                0x20001f8c                _tx_semaphore_created_count
                0x20001f90                _tx_queue_created_ptr
                0x20001f94                _tx_queue_created_count
                0x20001f98                _tx_event_flags_created_ptr
                0x20001f9c                _tx_event_flags_created_count
                0x20001fa0                _tx_mutex_created_ptr
                0x20001fa4                _tx_mutex_created_count
                0x20001fa8                _tx_block_pool_created_ptr
                0x20001fac                _tx_block_pool_created_count
                0x20001fb0                _tx_byte_pool_created_ptr
                0x20001fb4                _tx_byte_pool_created_count
                0x20001fb8                _tx_initialize_unused_memory
 .bss           0x20001fbc       0xac middlewares/threadx/libthreadx.a(tx_thread_initialize.c.obj)
                0x20001fbc                _tx_thread_system_stack_ptr
                0x20001fc0                _tx_thread_current_ptr
                0x20001fc4                _tx_thread_execute_ptr
                0x20001fc8                _tx_thread_created_ptr
                0x20001fcc                _tx_thread_created_count
                0x20001fd0                _tx_thread_priority_maps
                0x20001fd4                _tx_thread_preempted_maps
                0x20001fd8                _tx_thread_highest_priority
                0x20001fdc                _tx_thread_priority_list
                0x2000205c                _tx_thread_preempt_disable
                0x20002060                _tx_thread_mutex_release
                0x20002064                _tx_build_options
 .bss           0x20002068      0x568 middlewares/threadx/libthreadx.a(tx_timer_initialize.c.obj)
                0x20002068                _tx_timer_system_clock
                0x2000206c                _tx_timer_expired_time_slice
                0x20002070                _tx_timer_list
                0x200020f0                _tx_timer_list_start
                0x200020f4                _tx_timer_list_end
                0x200020f8                _tx_timer_current_ptr
                0x200020fc                _tx_timer_expired
                0x20002100                _tx_timer_created_ptr
                0x20002104                _tx_timer_created_count
                0x20002108                _tx_timer_expired_timer_ptr
                0x2000210c                _tx_timer_thread
                0x200021c0                _tx_timer_stack_start
                0x200021c4                _tx_timer_stack_size
                0x200021c8                _tx_timer_priority
                0x200021cc                _tx_timer_thread_stack_area
                0x200025cc                _tx_timer_time_slice
 .bss           0x200025d0        0x8 /usr/lib/gcc/arm-none-eabi/13.2.1/../../../arm-none-eabi/lib/thumb/v7e-m+fp/hard/libg_nano.a(libc_a-mallocr.o)
                0x200025d0                __malloc_sbrk_start
                0x200025d4                __malloc_free_list
 .bss           0x200025d8      0x13c /usr/lib/gcc/arm-none-eabi/13.2.1/../../../arm-none-eabi/lib/thumb/v7e-m+fp/hard/libg_nano.a(libc_a-findfp.o)
                0x200025d8                __sf
                0x20002710                __stdio_exit_handler
 .bss           0x20002714        0x4 /usr/lib/gcc/arm-none-eabi/13.2.1/../../../arm-none-eabi/lib/thumb/v7e-m+fp/hard/libg_nano.a(libc_a-reent.o)
                0x20002714                errno
 .bss           0x20002718        0x4 /usr/lib/gcc/arm-none-eabi/13.2.1/../../../arm-none-eabi/lib/thumb/v7e-m+fp/hard/libnosys.a(sbrk.o)
 *(.bss*)
 *(COMMON)
                0x2000271c                        . = ALIGN (0x4)
                0x2000271c                        _ebss = .
                0x2000271c                        __bss_end__ = _ebss

._user_heap_stack
                0x2000271c      0x604
                0x20002720                        . = ALIGN (0x8)
 *fill*         0x2000271c        0x4 
                0x20002720                        PROVIDE (end = .)
                0x20002720                        PROVIDE (_end = .)
                0x20002920                        . = (. + _Min_Heap_Size)
 *fill*         0x20002720      0x200 
                0x20002d20                        . = (. + _Min_Stack_Size)
 *fill*         0x20002920      0x400 
                0x20002d20                        . = ALIGN (0x8)

/DISCARD/
 libc.a(*)
 libm.a(*)
 libgcc.a(*)

.ARM.attributes
                0x00000000       0x30
 *(.ARM.attributes)
 .ARM.attributes
                0x00000000       0x22 /usr/lib/gcc/arm-none-eabi/13.2.1/thumb/v7e-m+fp/hard/crti.o
 .ARM.attributes
                0x00000022       0x34 /usr/lib/gcc/arm-none-eabi/13.2.1/thumb/v7e-m+fp/hard/crtbegin.o
 .ARM.attributes
                0x00000056       0x20 CMakeFiles/firmware.elf.dir/middlewares/threadx/ports/cortex_m4/gnu/example_build/tx_initialize_low_level.S.obj
 .ARM.attributes
                0x00000076       0x21 CMakeFiles/firmware.elf.dir/startup.s.obj
 .ARM.attributes
                0x00000097       0x34 CMakeFiles/firmware.elf.dir/drivers/stm32l4xx-hal-driver/Src/stm32l4xx_hal.c.obj
 .ARM.attributes
                0x000000cb       0x34 CMakeFiles/firmware.elf.dir/drivers/stm32l4xx-hal-driver/Src/stm32l4xx_hal_cortex.c.obj
 .ARM.attributes
                0x000000ff       0x34 CMakeFiles/firmware.elf.dir/drivers/stm32l4xx-hal-driver/Src/stm32l4xx_hal_gpio.c.obj
 .ARM.attributes
                0x00000133       0x34 CMakeFiles/firmware.elf.dir/drivers/stm32l4xx-hal-driver/Src/stm32l4xx_hal_rcc.c.obj
 .ARM.attributes
                0x00000167       0x34 CMakeFiles/firmware.elf.dir/drivers/stm32l4xx-hal-driver/Src/stm32l4xx_hal_rcc_ex.c.obj
 .ARM.attributes
                0x0000019b       0x34 CMakeFiles/firmware.elf.dir/drivers/stm32l4xx-hal-driver/Src/stm32l4xx_hal_uart.c.obj
 .ARM.attributes
                0x000001cf       0x34 CMakeFiles/firmware.elf.dir/drivers/stm32l4xx-hal-driver/Src/stm32l4xx_hal_uart_ex.c.obj
 .ARM.attributes
                0x00000203       0x34 CMakeFiles/firmware.elf.dir/drivers/stm32l4xx-hal-driver/Src/stm32l4xx_hal_dma.c.obj
 .ARM.attributes
                0x00000237       0x34 CMakeFiles/firmware.elf.dir/drivers/stm32l4xx-hal-driver/Src/stm32l4xx_hal_pwr.c.obj
 .ARM.attributes
                0x0000026b       0x34 CMakeFiles/firmware.elf.dir/drivers/stm32l4xx-hal-driver/Src/stm32l4xx_hal_pwr_ex.c.obj
 .ARM.attributes
                0x0000029f       0x34 CMakeFiles/firmware.elf.dir/drivers/stm32l4xx-hal-driver/Src/stm32l4xx_hal_sd.c.obj
 .ARM.attributes
                0x000002d3       0x34 CMakeFiles/firmware.elf.dir/drivers/stm32l4xx-hal-driver/Src/stm32l4xx_hal_sd_ex.c.obj
 .ARM.attributes
                0x00000307       0x34 CMakeFiles/firmware.elf.dir/drivers/stm32l4xx-hal-driver/Src/stm32l4xx_ll_sdmmc.c.obj
 .ARM.attributes
                0x0000033b       0x34 CMakeFiles/firmware.elf.dir/drivers/cmsis-device-l4/Source/Templates/system_stm32l4xx.c.obj
 .ARM.attributes
                0x0000036f       0x34 CMakeFiles/firmware.elf.dir/core/src/main.c.obj
 .ARM.attributes
                0x000003a3       0x34 CMakeFiles/firmware.elf.dir/core/src/sd_init.c.obj
 .ARM.attributes
                0x000003d7       0x34 CMakeFiles/firmware.elf.dir/core/src/system.c.obj
 .ARM.attributes
                0x0000040b       0x34 CMakeFiles/firmware.elf.dir/core/src/uart1_init.c.obj
 .ARM.attributes
                0x0000043f       0x34 CMakeFiles/firmware.elf.dir/core/src/usart1_rs485_init.c.obj
 .ARM.attributes
                0x00000473       0x20 middlewares/threadx/libthreadx.a(tx_thread_schedule.S.obj)
 .ARM.attributes
                0x00000493       0x20 middlewares/threadx/libthreadx.a(tx_timer_interrupt.S.obj)
 .ARM.attributes
                0x000004b3       0x34 middlewares/threadx/libthreadx.a(tx_initialize_high_level.c.obj)
 .ARM.attributes
                0x000004e7       0x34 middlewares/threadx/libthreadx.a(tx_initialize_kernel_enter.c.obj)
 .ARM.attributes
                0x0000051b       0x34 middlewares/threadx/libthreadx.a(tx_thread_initialize.c.obj)
 .ARM.attributes
                0x0000054f       0x34 middlewares/threadx/libthreadx.a(tx_thread_sleep.c.obj)
 .ARM.attributes
                0x00000583       0x34 middlewares/threadx/libthreadx.a(tx_thread_system_suspend.c.obj)
 .ARM.attributes
                0x000005b7       0x34 middlewares/threadx/libthreadx.a(tx_thread_time_slice.c.obj)
 .ARM.attributes
                0x000005eb       0x34 middlewares/threadx/libthreadx.a(tx_time_get.c.obj)
 .ARM.attributes
                0x0000061f       0x34 middlewares/threadx/libthreadx.a(tx_timer_expiration_process.c.obj)
 .ARM.attributes
                0x00000653       0x34 middlewares/threadx/libthreadx.a(tx_timer_initialize.c.obj)
 .ARM.attributes
                0x00000687       0x34 middlewares/threadx/libthreadx.a(tx_timer_system_activate.c.obj)
 .ARM.attributes
                0x000006bb       0x34 middlewares/threadx/libthreadx.a(tx_timer_thread_entry.c.obj)
 .ARM.attributes
                0x000006ef       0x34 middlewares/threadx/libthreadx.a(txe_semaphore_create.c.obj)
 .ARM.attributes
                0x00000723       0x34 middlewares/threadx/libthreadx.a(txe_semaphore_get.c.obj)
 .ARM.attributes
                0x00000757       0x34 middlewares/threadx/libthreadx.a(txe_semaphore_put.c.obj)
 .ARM.attributes
                0x0000078b       0x34 middlewares/threadx/libthreadx.a(txe_thread_create.c.obj)
 .ARM.attributes
                0x000007bf       0x34 middlewares/threadx/libthreadx.a(tx_semaphore_create.c.obj)
 .ARM.attributes
                0x000007f3       0x34 middlewares/threadx/libthreadx.a(tx_semaphore_get.c.obj)
 .ARM.attributes
                0x00000827       0x34 middlewares/threadx/libthreadx.a(tx_semaphore_put.c.obj)
 .ARM.attributes
                0x0000085b       0x34 middlewares/threadx/libthreadx.a(tx_thread_create.c.obj)
 .ARM.attributes
                0x0000088f       0x34 middlewares/threadx/libthreadx.a(tx_thread_shell_entry.c.obj)
 .ARM.attributes
                0x000008c3       0x34 middlewares/threadx/libthreadx.a(tx_thread_system_preempt_check.c.obj)
 .ARM.attributes
                0x000008f7       0x34 middlewares/threadx/libthreadx.a(tx_thread_system_resume.c.obj)
 .ARM.attributes
                0x0000092b       0x34 middlewares/threadx/libthreadx.a(tx_thread_timeout.c.obj)
 .ARM.attributes
                0x0000095f       0x34 middlewares/threadx/libthreadx.a(tx_timer_system_deactivate.c.obj)
 .ARM.attributes
                0x00000993       0x20 middlewares/threadx/libthreadx.a(tx_thread_stack_build.S.obj)
 .ARM.attributes
                0x000009b3       0x34 middlewares/threadx/libthreadx.a(tx_semaphore_cleanup.c.obj)
 .ARM.attributes
                0x000009e7       0x22 /usr/lib/gcc/arm-none-eabi/13.2.1/thumb/v7e-m+fp/hard/libgcc.a(_aeabi_uldivmod.o)
 .ARM.attributes
                0x00000a09       0x34 /usr/lib/gcc/arm-none-eabi/13.2.1/thumb/v7e-m+fp/hard/libgcc.a(_udivmoddi4.o)
 .ARM.attributes
                0x00000a3d       0x22 /usr/lib/gcc/arm-none-eabi/13.2.1/thumb/v7e-m+fp/hard/libgcc.a(_dvmd_tls.o)
 .ARM.attributes
                0x00000a5f       0x34 /usr/lib/gcc/arm-none-eabi/13.2.1/../../../arm-none-eabi/lib/thumb/v7e-m+fp/hard/libg_nano.a(libc_a-sprintf.o)
 .ARM.attributes
                0x00000a93       0x34 /usr/lib/gcc/arm-none-eabi/13.2.1/../../../arm-none-eabi/lib/thumb/v7e-m+fp/hard/libg_nano.a(libc_a-impure.o)
 .ARM.attributes
                0x00000ac7       0x34 /usr/lib/gcc/arm-none-eabi/13.2.1/../../../arm-none-eabi/lib/thumb/v7e-m+fp/hard/libg_nano.a(libc_a-nano-svfprintf.o)
 .ARM.attributes
                0x00000afb       0x34 /usr/lib/gcc/arm-none-eabi/13.2.1/../../../arm-none-eabi/lib/thumb/v7e-m+fp/hard/libg_nano.a(libc_a-init.o)
 .ARM.attributes
                0x00000b2f       0x1c /usr/lib/gcc/arm-none-eabi/13.2.1/../../../arm-none-eabi/lib/thumb/v7e-m+fp/hard/libg_nano.a(libc_a-strlen.o)
 .ARM.attributes
                0x00000b4b       0x34 /usr/lib/gcc/arm-none-eabi/13.2.1/../../../arm-none-eabi/lib/thumb/v7e-m+fp/hard/libg_nano.a(libc_a-memset.o)
 .ARM.attributes
                0x00000b7f       0x34 /usr/lib/gcc/arm-none-eabi/13.2.1/../../../arm-none-eabi/lib/thumb/v7e-m+fp/hard/libg_nano.a(libc_a-mallocr.o)
 .ARM.attributes
                0x00000bb3       0x34 /usr/lib/gcc/arm-none-eabi/13.2.1/../../../arm-none-eabi/lib/thumb/v7e-m+fp/hard/libg_nano.a(libc_a-freer.o)
 .ARM.attributes
                0x00000be7       0x34 /usr/lib/gcc/arm-none-eabi/13.2.1/../../../arm-none-eabi/lib/thumb/v7e-m+fp/hard/libg_nano.a(libc_a-memmove.o)
 .ARM.attributes
                0x00000c1b       0x1c /usr/lib/gcc/arm-none-eabi/13.2.1/../../../arm-none-eabi/lib/thumb/v7e-m+fp/hard/libg_nano.a(libc_a-memchr.o)
 .ARM.attributes
                0x00000c37       0x20 /usr/lib/gcc/arm-none-eabi/13.2.1/../../../arm-none-eabi/lib/thumb/v7e-m+fp/hard/libg_nano.a(libc_a-memcpy.o)
 .ARM.attributes
                0x00000c57       0x34 /usr/lib/gcc/arm-none-eabi/13.2.1/../../../arm-none-eabi/lib/thumb/v7e-m+fp/hard/libg_nano.a(libc_a-reallocr.o)
 .ARM.attributes
                0x00000c8b       0x34 /usr/lib/gcc/arm-none-eabi/13.2.1/../../../arm-none-eabi/lib/thumb/v7e-m+fp/hard/libg_nano.a(libc_a-nano-vfprintf_i.o)
 .ARM.attributes
                0x00000cbf       0x34 /usr/lib/gcc/arm-none-eabi/13.2.1/../../../arm-none-eabi/lib/thumb/v7e-m+fp/hard/libg_nano.a(libc_a-mlock.o)
 .ARM.attributes
                0x00000cf3       0x34 /usr/lib/gcc/arm-none-eabi/13.2.1/../../../arm-none-eabi/lib/thumb/v7e-m+fp/hard/libg_nano.a(libc_a-sbrkr.o)
 .ARM.attributes
                0x00000d27       0x34 /usr/lib/gcc/arm-none-eabi/13.2.1/../../../arm-none-eabi/lib/thumb/v7e-m+fp/hard/libg_nano.a(libc_a-msizer.o)
 .ARM.attributes
                0x00000d5b       0x34 /usr/lib/gcc/arm-none-eabi/13.2.1/../../../arm-none-eabi/lib/thumb/v7e-m+fp/hard/libg_nano.a(libc_a-findfp.o)
 .ARM.attributes
                0x00000d8f       0x34 /usr/lib/gcc/arm-none-eabi/13.2.1/../../../arm-none-eabi/lib/thumb/v7e-m+fp/hard/libg_nano.a(libc_a-reent.o)
 .ARM.attributes
                0x00000dc3       0x34 /usr/lib/gcc/arm-none-eabi/13.2.1/../../../arm-none-eabi/lib/thumb/v7e-m+fp/hard/libnosys.a(sbrk.o)
 .ARM.attributes
                0x00000df7       0x34 /usr/lib/gcc/arm-none-eabi/13.2.1/thumb/v7e-m+fp/hard/crtend.o
 .ARM.attributes
                0x00000e2b       0x22 /usr/lib/gcc/arm-none-eabi/13.2.1/thumb/v7e-m+fp/hard/crtn.o
OUTPUT(firmware.elf elf32-littlearm)
LOAD linker stubs
LOAD /usr/lib/gcc/arm-none-eabi/13.2.1/../../../arm-none-eabi/lib/thumb/v7e-m+fp/hard/libc.a
LOAD /usr/lib/gcc/arm-none-eabi/13.2.1/../../../arm-none-eabi/lib/thumb/v7e-m+fp/hard/libm.a
LOAD /usr/lib/gcc/arm-none-eabi/13.2.1/thumb/v7e-m+fp/hard/libgcc.a

.comment        0x00000000       0x26
 .comment       0x00000000       0x26 /usr/lib/gcc/arm-none-eabi/13.2.1/thumb/v7e-m+fp/hard/crtbegin.o
                                 0x27 (size before relaxing)
 .comment       0x00000026       0x27 CMakeFiles/firmware.elf.dir/drivers/stm32l4xx-hal-driver/Src/stm32l4xx_hal.c.obj
 .comment       0x00000026       0x27 CMakeFiles/firmware.elf.dir/drivers/stm32l4xx-hal-driver/Src/stm32l4xx_hal_cortex.c.obj
 .comment       0x00000026       0x27 CMakeFiles/firmware.elf.dir/drivers/stm32l4xx-hal-driver/Src/stm32l4xx_hal_gpio.c.obj
 .comment       0x00000026       0x27 CMakeFiles/firmware.elf.dir/drivers/stm32l4xx-hal-driver/Src/stm32l4xx_hal_rcc.c.obj
 .comment       0x00000026       0x27 CMakeFiles/firmware.elf.dir/drivers/stm32l4xx-hal-driver/Src/stm32l4xx_hal_rcc_ex.c.obj
 .comment       0x00000026       0x27 CMakeFiles/firmware.elf.dir/drivers/stm32l4xx-hal-driver/Src/stm32l4xx_hal_uart.c.obj
 .comment       0x00000026       0x27 CMakeFiles/firmware.elf.dir/drivers/stm32l4xx-hal-driver/Src/stm32l4xx_hal_uart_ex.c.obj
 .comment       0x00000026       0x27 CMakeFiles/firmware.elf.dir/drivers/stm32l4xx-hal-driver/Src/stm32l4xx_hal_dma.c.obj
 .comment       0x00000026       0x27 CMakeFiles/firmware.elf.dir/drivers/stm32l4xx-hal-driver/Src/stm32l4xx_hal_pwr.c.obj
 .comment       0x00000026       0x27 CMakeFiles/firmware.elf.dir/drivers/stm32l4xx-hal-driver/Src/stm32l4xx_hal_pwr_ex.c.obj
 .comment       0x00000026       0x27 CMakeFiles/firmware.elf.dir/drivers/stm32l4xx-hal-driver/Src/stm32l4xx_hal_sd.c.obj
 .comment       0x00000026       0x27 CMakeFiles/firmware.elf.dir/drivers/stm32l4xx-hal-driver/Src/stm32l4xx_hal_sd_ex.c.obj
 .comment       0x00000026       0x27 CMakeFiles/firmware.elf.dir/drivers/stm32l4xx-hal-driver/Src/stm32l4xx_ll_sdmmc.c.obj
 .comment       0x00000026       0x27 CMakeFiles/firmware.elf.dir/drivers/cmsis-device-l4/Source/Templates/system_stm32l4xx.c.obj
 .comment       0x00000026       0x27 CMakeFiles/firmware.elf.dir/core/src/main.c.obj
 .comment       0x00000026       0x27 CMakeFiles/firmware.elf.dir/core/src/sd_init.c.obj
 .comment       0x00000026       0x27 CMakeFiles/firmware.elf.dir/core/src/system.c.obj
 .comment       0x00000026       0x27 CMakeFiles/firmware.elf.dir/core/src/uart1_init.c.obj
 .comment       0x00000026       0x27 CMakeFiles/firmware.elf.dir/core/src/usart1_rs485_init.c.obj
 .comment       0x00000026       0x27 middlewares/threadx/libthreadx.a(tx_initialize_high_level.c.obj)
 .comment       0x00000026       0x27 middlewares/threadx/libthreadx.a(tx_initialize_kernel_enter.c.obj)
 .comment       0x00000026       0x27 middlewares/threadx/libthreadx.a(tx_thread_initialize.c.obj)
 .comment       0x00000026       0x27 middlewares/threadx/libthreadx.a(tx_thread_sleep.c.obj)
 .comment       0x00000026       0x27 middlewares/threadx/libthreadx.a(tx_thread_system_suspend.c.obj)
 .comment       0x00000026       0x27 middlewares/threadx/libthreadx.a(tx_thread_time_slice.c.obj)
 .comment       0x00000026       0x27 middlewares/threadx/libthreadx.a(tx_time_get.c.obj)
 .comment       0x00000026       0x27 middlewares/threadx/libthreadx.a(tx_timer_expiration_process.c.obj)
 .comment       0x00000026       0x27 middlewares/threadx/libthreadx.a(tx_timer_initialize.c.obj)
 .comment       0x00000026       0x27 middlewares/threadx/libthreadx.a(tx_timer_system_activate.c.obj)
 .comment       0x00000026       0x27 middlewares/threadx/libthreadx.a(tx_timer_thread_entry.c.obj)
 .comment       0x00000026       0x27 middlewares/threadx/libthreadx.a(txe_semaphore_create.c.obj)
 .comment       0x00000026       0x27 middlewares/threadx/libthreadx.a(txe_semaphore_get.c.obj)
 .comment       0x00000026       0x27 middlewares/threadx/libthreadx.a(txe_semaphore_put.c.obj)
 .comment       0x00000026       0x27 middlewares/threadx/libthreadx.a(txe_thread_create.c.obj)
 .comment       0x00000026       0x27 middlewares/threadx/libthreadx.a(tx_semaphore_create.c.obj)
 .comment       0x00000026       0x27 middlewares/threadx/libthreadx.a(tx_semaphore_get.c.obj)
 .comment       0x00000026       0x27 middlewares/threadx/libthreadx.a(tx_semaphore_put.c.obj)
 .comment       0x00000026       0x27 middlewares/threadx/libthreadx.a(tx_thread_create.c.obj)
 .comment       0x00000026       0x27 middlewares/threadx/libthreadx.a(tx_thread_shell_entry.c.obj)
 .comment       0x00000026       0x27 middlewares/threadx/libthreadx.a(tx_thread_system_preempt_check.c.obj)
 .comment       0x00000026       0x27 middlewares/threadx/libthreadx.a(tx_thread_system_resume.c.obj)
 .comment       0x00000026       0x27 middlewares/threadx/libthreadx.a(tx_thread_timeout.c.obj)
 .comment       0x00000026       0x27 middlewares/threadx/libthreadx.a(tx_timer_system_deactivate.c.obj)
 .comment       0x00000026       0x27 middlewares/threadx/libthreadx.a(tx_semaphore_cleanup.c.obj)
 .comment       0x00000026       0x27 /usr/lib/gcc/arm-none-eabi/13.2.1/thumb/v7e-m+fp/hard/libgcc.a(_udivmoddi4.o)
 .comment       0x00000026       0x27 /usr/lib/gcc/arm-none-eabi/13.2.1/../../../arm-none-eabi/lib/thumb/v7e-m+fp/hard/libg_nano.a(libc_a-sprintf.o)
 .comment       0x00000026       0x27 /usr/lib/gcc/arm-none-eabi/13.2.1/../../../arm-none-eabi/lib/thumb/v7e-m+fp/hard/libg_nano.a(libc_a-impure.o)
 .comment       0x00000026       0x27 /usr/lib/gcc/arm-none-eabi/13.2.1/../../../arm-none-eabi/lib/thumb/v7e-m+fp/hard/libg_nano.a(libc_a-nano-svfprintf.o)
 .comment       0x00000026       0x27 /usr/lib/gcc/arm-none-eabi/13.2.1/../../../arm-none-eabi/lib/thumb/v7e-m+fp/hard/libg_nano.a(libc_a-init.o)
 .comment       0x00000026       0x27 /usr/lib/gcc/arm-none-eabi/13.2.1/../../../arm-none-eabi/lib/thumb/v7e-m+fp/hard/libg_nano.a(libc_a-memset.o)
 .comment       0x00000026       0x27 /usr/lib/gcc/arm-none-eabi/13.2.1/../../../arm-none-eabi/lib/thumb/v7e-m+fp/hard/libg_nano.a(libc_a-mallocr.o)
 .comment       0x00000026       0x27 /usr/lib/gcc/arm-none-eabi/13.2.1/../../../arm-none-eabi/lib/thumb/v7e-m+fp/hard/libg_nano.a(libc_a-freer.o)
 .comment       0x00000026       0x27 /usr/lib/gcc/arm-none-eabi/13.2.1/../../../arm-none-eabi/lib/thumb/v7e-m+fp/hard/libg_nano.a(libc_a-memmove.o)
 .comment       0x00000026       0x27 /usr/lib/gcc/arm-none-eabi/13.2.1/../../../arm-none-eabi/lib/thumb/v7e-m+fp/hard/libg_nano.a(libc_a-reallocr.o)
 .comment       0x00000026       0x27 /usr/lib/gcc/arm-none-eabi/13.2.1/../../../arm-none-eabi/lib/thumb/v7e-m+fp/hard/libg_nano.a(libc_a-nano-vfprintf_i.o)
 .comment       0x00000026       0x27 /usr/lib/gcc/arm-none-eabi/13.2.1/../../../arm-none-eabi/lib/thumb/v7e-m+fp/hard/libg_nano.a(libc_a-mlock.o)
 .comment       0x00000026       0x27 /usr/lib/gcc/arm-none-eabi/13.2.1/../../../arm-none-eabi/lib/thumb/v7e-m+fp/hard/libg_nano.a(libc_a-sbrkr.o)
 .comment       0x00000026       0x27 /usr/lib/gcc/arm-none-eabi/13.2.1/../../../arm-none-eabi/lib/thumb/v7e-m+fp/hard/libg_nano.a(libc_a-msizer.o)
 .comment       0x00000026       0x27 /usr/lib/gcc/arm-none-eabi/13.2.1/../../../arm-none-eabi/lib/thumb/v7e-m+fp/hard/libg_nano.a(libc_a-findfp.o)
 .comment       0x00000026       0x27 /usr/lib/gcc/arm-none-eabi/13.2.1/../../../arm-none-eabi/lib/thumb/v7e-m+fp/hard/libg_nano.a(libc_a-reent.o)
 .comment       0x00000026       0x27 /usr/lib/gcc/arm-none-eabi/13.2.1/../../../arm-none-eabi/lib/thumb/v7e-m+fp/hard/libnosys.a(sbrk.o)
 .comment       0x00000026       0x27 /usr/lib/gcc/arm-none-eabi/13.2.1/thumb/v7e-m+fp/hard/crtend.o

.debug_line     0x00000000    0x11f3b
 .debug_line    0x00000000       0x85 CMakeFiles/firmware.elf.dir/middlewares/threadx/ports/cortex_m4/gnu/example_build/tx_initialize_low_level.S.obj
 .debug_line    0x00000085       0x79 CMakeFiles/firmware.elf.dir/startup.s.obj
 .debug_line    0x000000fe      0x43a CMakeFiles/firmware.elf.dir/drivers/stm32l4xx-hal-driver/Src/stm32l4xx_hal.c.obj
 .debug_line    0x00000538      0x5bf CMakeFiles/firmware.elf.dir/drivers/stm32l4xx-hal-driver/Src/stm32l4xx_hal_cortex.c.obj
 .debug_line    0x00000af7      0x5a2 CMakeFiles/firmware.elf.dir/drivers/stm32l4xx-hal-driver/Src/stm32l4xx_hal_gpio.c.obj
 .debug_line    0x00001099      0xc33 CMakeFiles/firmware.elf.dir/drivers/stm32l4xx-hal-driver/Src/stm32l4xx_hal_rcc.c.obj
 .debug_line    0x00001ccc     0x12c5 CMakeFiles/firmware.elf.dir/drivers/stm32l4xx-hal-driver/Src/stm32l4xx_hal_rcc_ex.c.obj
 .debug_line    0x00002f91     0x2c9d CMakeFiles/firmware.elf.dir/drivers/stm32l4xx-hal-driver/Src/stm32l4xx_hal_uart.c.obj
 .debug_line    0x00005c2e      0x6e2 CMakeFiles/firmware.elf.dir/drivers/stm32l4xx-hal-driver/Src/stm32l4xx_hal_uart_ex.c.obj
 .debug_line    0x00006310      0x840 CMakeFiles/firmware.elf.dir/drivers/stm32l4xx-hal-driver/Src/stm32l4xx_hal_dma.c.obj
 .debug_line    0x00006b50      0x344 CMakeFiles/firmware.elf.dir/drivers/stm32l4xx-hal-driver/Src/stm32l4xx_hal_pwr.c.obj
 .debug_line    0x00006e94      0x645 CMakeFiles/firmware.elf.dir/drivers/stm32l4xx-hal-driver/Src/stm32l4xx_hal_pwr_ex.c.obj
 .debug_line    0x000074d9     0x1bd1 CMakeFiles/firmware.elf.dir/drivers/stm32l4xx-hal-driver/Src/stm32l4xx_hal_sd.c.obj
 .debug_line    0x000090aa      0x39f CMakeFiles/firmware.elf.dir/drivers/stm32l4xx-hal-driver/Src/stm32l4xx_hal_sd_ex.c.obj
 .debug_line    0x00009449      0x7da CMakeFiles/firmware.elf.dir/drivers/stm32l4xx-hal-driver/Src/stm32l4xx_ll_sdmmc.c.obj
 .debug_line    0x00009c23      0x2c4 CMakeFiles/firmware.elf.dir/drivers/cmsis-device-l4/Source/Templates/system_stm32l4xx.c.obj
 .debug_line    0x00009ee7      0x417 CMakeFiles/firmware.elf.dir/core/src/main.c.obj
 .debug_line    0x0000a2fe      0x337 CMakeFiles/firmware.elf.dir/core/src/sd_init.c.obj
 .debug_line    0x0000a635      0x3dc CMakeFiles/firmware.elf.dir/core/src/system.c.obj
 .debug_line    0x0000aa11      0x388 CMakeFiles/firmware.elf.dir/core/src/uart1_init.c.obj
 .debug_line    0x0000ad99      0x3d4 CMakeFiles/firmware.elf.dir/core/src/usart1_rs485_init.c.obj
 .debug_line    0x0000b16d       0x9e middlewares/threadx/libthreadx.a(tx_thread_schedule.S.obj)
 .debug_line    0x0000b20b       0xa6 middlewares/threadx/libthreadx.a(tx_timer_interrupt.S.obj)
 .debug_line    0x0000b2b1      0x215 middlewares/threadx/libthreadx.a(tx_initialize_high_level.c.obj)
 .debug_line    0x0000b4c6      0x1b4 middlewares/threadx/libthreadx.a(tx_initialize_kernel_enter.c.obj)
 .debug_line    0x0000b67a      0x1fb middlewares/threadx/libthreadx.a(tx_thread_initialize.c.obj)
 .debug_line    0x0000b875      0x25d middlewares/threadx/libthreadx.a(tx_thread_sleep.c.obj)
 .debug_line    0x0000bad2      0x3e1 middlewares/threadx/libthreadx.a(tx_thread_system_suspend.c.obj)
 .debug_line    0x0000beb3      0x1ee middlewares/threadx/libthreadx.a(tx_thread_time_slice.c.obj)
 .debug_line    0x0000c0a1      0x1a7 middlewares/threadx/libthreadx.a(tx_time_get.c.obj)
 .debug_line    0x0000c248      0x1cb middlewares/threadx/libthreadx.a(tx_timer_expiration_process.c.obj)
 .debug_line    0x0000c413      0x216 middlewares/threadx/libthreadx.a(tx_timer_initialize.c.obj)
 .debug_line    0x0000c629      0x1d2 middlewares/threadx/libthreadx.a(tx_timer_system_activate.c.obj)
 .debug_line    0x0000c7fb      0x312 middlewares/threadx/libthreadx.a(tx_timer_thread_entry.c.obj)
 .debug_line    0x0000cb0d      0x291 middlewares/threadx/libthreadx.a(txe_semaphore_create.c.obj)
 .debug_line    0x0000cd9e      0x1d2 middlewares/threadx/libthreadx.a(txe_semaphore_get.c.obj)
 .debug_line    0x0000cf70      0x180 middlewares/threadx/libthreadx.a(txe_semaphore_put.c.obj)
 .debug_line    0x0000d0f0      0x2d7 middlewares/threadx/libthreadx.a(txe_thread_create.c.obj)
 .debug_line    0x0000d3c7      0x236 middlewares/threadx/libthreadx.a(tx_semaphore_create.c.obj)
 .debug_line    0x0000d5fd      0x258 middlewares/threadx/libthreadx.a(tx_semaphore_get.c.obj)
 .debug_line    0x0000d855      0x206 middlewares/threadx/libthreadx.a(tx_semaphore_put.c.obj)
 .debug_line    0x0000da5b      0x2e6 middlewares/threadx/libthreadx.a(tx_thread_create.c.obj)
 .debug_line    0x0000dd41      0x22f middlewares/threadx/libthreadx.a(tx_thread_shell_entry.c.obj)
 .debug_line    0x0000df70      0x1d7 middlewares/threadx/libthreadx.a(tx_thread_system_preempt_check.c.obj)
 .debug_line    0x0000e147      0x329 middlewares/threadx/libthreadx.a(tx_thread_system_resume.c.obj)
 .debug_line    0x0000e470      0x1de middlewares/threadx/libthreadx.a(tx_thread_timeout.c.obj)
 .debug_line    0x0000e64e      0x1af middlewares/threadx/libthreadx.a(tx_timer_system_deactivate.c.obj)
 .debug_line    0x0000e7fd       0x63 middlewares/threadx/libthreadx.a(tx_thread_stack_build.S.obj)
 .debug_line    0x0000e860      0x241 middlewares/threadx/libthreadx.a(tx_semaphore_cleanup.c.obj)
 .debug_line    0x0000eaa1       0x4e /usr/lib/gcc/arm-none-eabi/13.2.1/thumb/v7e-m+fp/hard/libgcc.a(_aeabi_uldivmod.o)
 .debug_line    0x0000eaef      0x574 /usr/lib/gcc/arm-none-eabi/13.2.1/thumb/v7e-m+fp/hard/libgcc.a(_udivmoddi4.o)
 .debug_line    0x0000f063       0x4a /usr/lib/gcc/arm-none-eabi/13.2.1/thumb/v7e-m+fp/hard/libgcc.a(_dvmd_tls.o)
 .debug_line    0x0000f0ad      0x224 /usr/lib/gcc/arm-none-eabi/13.2.1/../../../arm-none-eabi/lib/thumb/v7e-m+fp/hard/libg_nano.a(libc_a-sprintf.o)
 .debug_line    0x0000f2d1       0xe7 /usr/lib/gcc/arm-none-eabi/13.2.1/../../../arm-none-eabi/lib/thumb/v7e-m+fp/hard/libg_nano.a(libc_a-impure.o)
 .debug_line    0x0000f3b8      0x854 /usr/lib/gcc/arm-none-eabi/13.2.1/../../../arm-none-eabi/lib/thumb/v7e-m+fp/hard/libg_nano.a(libc_a-nano-svfprintf.o)
 .debug_line    0x0000fc0c      0x11e /usr/lib/gcc/arm-none-eabi/13.2.1/../../../arm-none-eabi/lib/thumb/v7e-m+fp/hard/libg_nano.a(libc_a-init.o)
 .debug_line    0x0000fd2a       0x86 /usr/lib/gcc/arm-none-eabi/13.2.1/../../../arm-none-eabi/lib/thumb/v7e-m+fp/hard/libg_nano.a(libc_a-strlen.o)
 .debug_line    0x0000fdb0      0x1b6 /usr/lib/gcc/arm-none-eabi/13.2.1/../../../arm-none-eabi/lib/thumb/v7e-m+fp/hard/libg_nano.a(libc_a-memset.o)
 .debug_line    0x0000ff66      0x446 /usr/lib/gcc/arm-none-eabi/13.2.1/../../../arm-none-eabi/lib/thumb/v7e-m+fp/hard/libg_nano.a(libc_a-mallocr.o)
 .debug_line    0x000103ac      0x2c3 /usr/lib/gcc/arm-none-eabi/13.2.1/../../../arm-none-eabi/lib/thumb/v7e-m+fp/hard/libg_nano.a(libc_a-freer.o)
 .debug_line    0x0001066f      0x1f1 /usr/lib/gcc/arm-none-eabi/13.2.1/../../../arm-none-eabi/lib/thumb/v7e-m+fp/hard/libg_nano.a(libc_a-memmove.o)
 .debug_line    0x00010860       0x84 /usr/lib/gcc/arm-none-eabi/13.2.1/../../../arm-none-eabi/lib/thumb/v7e-m+fp/hard/libg_nano.a(libc_a-memchr.o)
 .debug_line    0x000108e4       0xb9 /usr/lib/gcc/arm-none-eabi/13.2.1/../../../arm-none-eabi/lib/thumb/v7e-m+fp/hard/libg_nano.a(libc_a-memcpy.o)
 .debug_line    0x0001099d      0x1f8 /usr/lib/gcc/arm-none-eabi/13.2.1/../../../arm-none-eabi/lib/thumb/v7e-m+fp/hard/libg_nano.a(libc_a-reallocr.o)
 .debug_line    0x00010b95      0x75d /usr/lib/gcc/arm-none-eabi/13.2.1/../../../arm-none-eabi/lib/thumb/v7e-m+fp/hard/libg_nano.a(libc_a-nano-vfprintf_i.o)
 .debug_line    0x000112f2      0x153 /usr/lib/gcc/arm-none-eabi/13.2.1/../../../arm-none-eabi/lib/thumb/v7e-m+fp/hard/libg_nano.a(libc_a-mlock.o)
 .debug_line    0x00011445      0x193 /usr/lib/gcc/arm-none-eabi/13.2.1/../../../arm-none-eabi/lib/thumb/v7e-m+fp/hard/libg_nano.a(libc_a-sbrkr.o)
 .debug_line    0x000115d8      0x176 /usr/lib/gcc/arm-none-eabi/13.2.1/../../../arm-none-eabi/lib/thumb/v7e-m+fp/hard/libg_nano.a(libc_a-msizer.o)
 .debug_line    0x0001174e      0x4fc /usr/lib/gcc/arm-none-eabi/13.2.1/../../../arm-none-eabi/lib/thumb/v7e-m+fp/hard/libg_nano.a(libc_a-findfp.o)
 .debug_line    0x00011c4a      0x27b /usr/lib/gcc/arm-none-eabi/13.2.1/../../../arm-none-eabi/lib/thumb/v7e-m+fp/hard/libg_nano.a(libc_a-reent.o)
 .debug_line    0x00011ec5       0x76 /usr/lib/gcc/arm-none-eabi/13.2.1/../../../arm-none-eabi/lib/thumb/v7e-m+fp/hard/libnosys.a(sbrk.o)

.debug_line_str
                0x00000000      0x302
 .debug_line_str
                0x00000000      0x302 CMakeFiles/firmware.elf.dir/middlewares/threadx/ports/cortex_m4/gnu/example_build/tx_initialize_low_level.S.obj
                                 0xcc (size before relaxing)
 .debug_line_str
                0x00000302       0x86 CMakeFiles/firmware.elf.dir/startup.s.obj
 .debug_line_str
                0x00000302       0xbd middlewares/threadx/libthreadx.a(tx_thread_schedule.S.obj)
 .debug_line_str
                0x00000302       0xbd middlewares/threadx/libthreadx.a(tx_timer_interrupt.S.obj)
 .debug_line_str
                0x00000302       0xc0 middlewares/threadx/libthreadx.a(tx_thread_stack_build.S.obj)
 .debug_line_str
                0x00000302       0x97 /usr/lib/gcc/arm-none-eabi/13.2.1/thumb/v7e-m+fp/hard/libgcc.a(_aeabi_uldivmod.o)
 .debug_line_str
                0x00000302       0x9b /usr/lib/gcc/arm-none-eabi/13.2.1/thumb/v7e-m+fp/hard/libgcc.a(_dvmd_tls.o)
 .debug_line_str
                0x00000302       0x98 /usr/lib/gcc/arm-none-eabi/13.2.1/../../../arm-none-eabi/lib/thumb/v7e-m+fp/hard/libg_nano.a(libc_a-strlen.o)
 .debug_line_str
                0x00000302       0x92 /usr/lib/gcc/arm-none-eabi/13.2.1/../../../arm-none-eabi/lib/thumb/v7e-m+fp/hard/libg_nano.a(libc_a-memchr.o)
 .debug_line_str
                0x00000302       0x99 /usr/lib/gcc/arm-none-eabi/13.2.1/../../../arm-none-eabi/lib/thumb/v7e-m+fp/hard/libg_nano.a(libc_a-memcpy.o)

.debug_info     0x00000000    0x25852
 .debug_info    0x00000000       0x25 CMakeFiles/firmware.elf.dir/middlewares/threadx/ports/cortex_m4/gnu/example_build/tx_initialize_low_level.S.obj
 .debug_info    0x00000025       0x30 CMakeFiles/firmware.elf.dir/startup.s.obj
 .debug_info    0x00000055      0xb75 CMakeFiles/firmware.elf.dir/drivers/stm32l4xx-hal-driver/Src/stm32l4xx_hal.c.obj
 .debug_info    0x00000bca      0xdc9 CMakeFiles/firmware.elf.dir/drivers/stm32l4xx-hal-driver/Src/stm32l4xx_hal_cortex.c.obj
 .debug_info    0x00001993      0x7a7 CMakeFiles/firmware.elf.dir/drivers/stm32l4xx-hal-driver/Src/stm32l4xx_hal_gpio.c.obj
 .debug_info    0x0000213a      0xd8c CMakeFiles/firmware.elf.dir/drivers/stm32l4xx-hal-driver/Src/stm32l4xx_hal_rcc.c.obj
 .debug_info    0x00002ec6     0x1193 CMakeFiles/firmware.elf.dir/drivers/stm32l4xx-hal-driver/Src/stm32l4xx_hal_rcc_ex.c.obj
 .debug_info    0x00004059     0x4864 CMakeFiles/firmware.elf.dir/drivers/stm32l4xx-hal-driver/Src/stm32l4xx_hal_uart.c.obj
 .debug_info    0x000088bd      0xfdc CMakeFiles/firmware.elf.dir/drivers/stm32l4xx-hal-driver/Src/stm32l4xx_hal_uart_ex.c.obj
 .debug_info    0x00009899      0x84b CMakeFiles/firmware.elf.dir/drivers/stm32l4xx-hal-driver/Src/stm32l4xx_hal_dma.c.obj
 .debug_info    0x0000a0e4      0x9da CMakeFiles/firmware.elf.dir/drivers/stm32l4xx-hal-driver/Src/stm32l4xx_hal_pwr.c.obj
 .debug_info    0x0000aabe      0xa6b CMakeFiles/firmware.elf.dir/drivers/stm32l4xx-hal-driver/Src/stm32l4xx_hal_pwr_ex.c.obj
 .debug_info    0x0000b529     0x1b3d CMakeFiles/firmware.elf.dir/drivers/stm32l4xx-hal-driver/Src/stm32l4xx_hal_sd.c.obj
 .debug_info    0x0000d066      0x833 CMakeFiles/firmware.elf.dir/drivers/stm32l4xx-hal-driver/Src/stm32l4xx_hal_sd_ex.c.obj
 .debug_info    0x0000d899     0x11ea CMakeFiles/firmware.elf.dir/drivers/stm32l4xx-hal-driver/Src/stm32l4xx_ll_sdmmc.c.obj
 .debug_info    0x0000ea83      0x62c CMakeFiles/firmware.elf.dir/drivers/cmsis-device-l4/Source/Templates/system_stm32l4xx.c.obj
 .debug_info    0x0000f0af     0x1024 CMakeFiles/firmware.elf.dir/core/src/main.c.obj
 .debug_info    0x000100d3     0x1052 CMakeFiles/firmware.elf.dir/core/src/sd_init.c.obj
 .debug_info    0x00011125      0xd22 CMakeFiles/firmware.elf.dir/core/src/system.c.obj
 .debug_info    0x00011e47     0x1457 CMakeFiles/firmware.elf.dir/core/src/uart1_init.c.obj
 .debug_info    0x0001329e     0x14ed CMakeFiles/firmware.elf.dir/core/src/usart1_rs485_init.c.obj
 .debug_info    0x0001478b       0x25 middlewares/threadx/libthreadx.a(tx_thread_schedule.S.obj)
 .debug_info    0x000147b0       0x25 middlewares/threadx/libthreadx.a(tx_timer_interrupt.S.obj)
 .debug_info    0x000147d5      0x931 middlewares/threadx/libthreadx.a(tx_initialize_high_level.c.obj)
 .debug_info    0x00015106       0xf8 middlewares/threadx/libthreadx.a(tx_initialize_kernel_enter.c.obj)
 .debug_info    0x000151fe      0x629 middlewares/threadx/libthreadx.a(tx_thread_initialize.c.obj)
 .debug_info    0x00015827      0x634 middlewares/threadx/libthreadx.a(tx_thread_sleep.c.obj)
 .debug_info    0x00015e5b      0x87c middlewares/threadx/libthreadx.a(tx_thread_system_suspend.c.obj)
 .debug_info    0x000166d7      0x557 middlewares/threadx/libthreadx.a(tx_thread_time_slice.c.obj)
 .debug_info    0x00016c2e      0x17c middlewares/threadx/libthreadx.a(tx_time_get.c.obj)
 .debug_info    0x00016daa      0x52a middlewares/threadx/libthreadx.a(tx_timer_expiration_process.c.obj)
 .debug_info    0x000172d4      0x6cb middlewares/threadx/libthreadx.a(tx_timer_initialize.c.obj)
 .debug_info    0x0001799f      0x1b6 middlewares/threadx/libthreadx.a(tx_timer_system_activate.c.obj)
 .debug_info    0x00017b55      0x712 middlewares/threadx/libthreadx.a(tx_timer_thread_entry.c.obj)
 .debug_info    0x00018267      0x71b middlewares/threadx/libthreadx.a(txe_semaphore_create.c.obj)
 .debug_info    0x00018982      0x595 middlewares/threadx/libthreadx.a(txe_semaphore_get.c.obj)
 .debug_info    0x00018f17      0x516 middlewares/threadx/libthreadx.a(txe_semaphore_put.c.obj)
 .debug_info    0x0001942d      0x74a middlewares/threadx/libthreadx.a(txe_thread_create.c.obj)
 .debug_info    0x00019b77      0x620 middlewares/threadx/libthreadx.a(tx_semaphore_create.c.obj)
 .debug_info    0x0001a197      0x683 middlewares/threadx/libthreadx.a(tx_semaphore_get.c.obj)
 .debug_info    0x0001a81a      0x62c middlewares/threadx/libthreadx.a(tx_semaphore_put.c.obj)
 .debug_info    0x0001ae46      0x74d middlewares/threadx/libthreadx.a(tx_thread_create.c.obj)
 .debug_info    0x0001b593      0x637 middlewares/threadx/libthreadx.a(tx_thread_shell_entry.c.obj)
 .debug_info    0x0001bbca      0x58a middlewares/threadx/libthreadx.a(tx_thread_system_preempt_check.c.obj)
 .debug_info    0x0001c154      0x758 middlewares/threadx/libthreadx.a(tx_thread_system_resume.c.obj)
 .debug_info    0x0001c8ac      0x572 middlewares/threadx/libthreadx.a(tx_thread_timeout.c.obj)
 .debug_info    0x0001ce1e      0x16e middlewares/threadx/libthreadx.a(tx_timer_system_deactivate.c.obj)
 .debug_info    0x0001cf8c       0x24 middlewares/threadx/libthreadx.a(tx_thread_stack_build.S.obj)
 .debug_info    0x0001cfb0      0x654 middlewares/threadx/libthreadx.a(tx_semaphore_cleanup.c.obj)
 .debug_info    0x0001d604       0x24 /usr/lib/gcc/arm-none-eabi/13.2.1/thumb/v7e-m+fp/hard/libgcc.a(_aeabi_uldivmod.o)
 .debug_info    0x0001d628      0x6f5 /usr/lib/gcc/arm-none-eabi/13.2.1/thumb/v7e-m+fp/hard/libgcc.a(_udivmoddi4.o)
 .debug_info    0x0001dd1d       0x3c /usr/lib/gcc/arm-none-eabi/13.2.1/thumb/v7e-m+fp/hard/libgcc.a(_dvmd_tls.o)
 .debug_info    0x0001dd59      0x87b /usr/lib/gcc/arm-none-eabi/13.2.1/../../../arm-none-eabi/lib/thumb/v7e-m+fp/hard/libg_nano.a(libc_a-sprintf.o)
 .debug_info    0x0001e5d4      0x70b /usr/lib/gcc/arm-none-eabi/13.2.1/../../../arm-none-eabi/lib/thumb/v7e-m+fp/hard/libg_nano.a(libc_a-impure.o)
 .debug_info    0x0001ecdf     0x1092 /usr/lib/gcc/arm-none-eabi/13.2.1/../../../arm-none-eabi/lib/thumb/v7e-m+fp/hard/libg_nano.a(libc_a-nano-svfprintf.o)
 .debug_info    0x0001fd71      0x10b /usr/lib/gcc/arm-none-eabi/13.2.1/../../../arm-none-eabi/lib/thumb/v7e-m+fp/hard/libg_nano.a(libc_a-init.o)
 .debug_info    0x0001fe7c       0x33 /usr/lib/gcc/arm-none-eabi/13.2.1/../../../arm-none-eabi/lib/thumb/v7e-m+fp/hard/libg_nano.a(libc_a-strlen.o)
 .debug_info    0x0001feaf      0x135 /usr/lib/gcc/arm-none-eabi/13.2.1/../../../arm-none-eabi/lib/thumb/v7e-m+fp/hard/libg_nano.a(libc_a-memset.o)
 .debug_info    0x0001ffe4      0x9b6 /usr/lib/gcc/arm-none-eabi/13.2.1/../../../arm-none-eabi/lib/thumb/v7e-m+fp/hard/libg_nano.a(libc_a-mallocr.o)
 .debug_info    0x0002099a      0x87f /usr/lib/gcc/arm-none-eabi/13.2.1/../../../arm-none-eabi/lib/thumb/v7e-m+fp/hard/libg_nano.a(libc_a-freer.o)
 .debug_info    0x00021219      0x148 /usr/lib/gcc/arm-none-eabi/13.2.1/../../../arm-none-eabi/lib/thumb/v7e-m+fp/hard/libg_nano.a(libc_a-memmove.o)
 .debug_info    0x00021361       0x25 /usr/lib/gcc/arm-none-eabi/13.2.1/../../../arm-none-eabi/lib/thumb/v7e-m+fp/hard/libg_nano.a(libc_a-memchr.o)
 .debug_info    0x00021386       0x33 /usr/lib/gcc/arm-none-eabi/13.2.1/../../../arm-none-eabi/lib/thumb/v7e-m+fp/hard/libg_nano.a(libc_a-memcpy.o)
 .debug_info    0x000213b9      0x8cd /usr/lib/gcc/arm-none-eabi/13.2.1/../../../arm-none-eabi/lib/thumb/v7e-m+fp/hard/libg_nano.a(libc_a-reallocr.o)
 .debug_info    0x00021c86      0xdd7 /usr/lib/gcc/arm-none-eabi/13.2.1/../../../arm-none-eabi/lib/thumb/v7e-m+fp/hard/libg_nano.a(libc_a-nano-vfprintf_i.o)
 .debug_info    0x00022a5d      0x71c /usr/lib/gcc/arm-none-eabi/13.2.1/../../../arm-none-eabi/lib/thumb/v7e-m+fp/hard/libg_nano.a(libc_a-mlock.o)
 .debug_info    0x00023179      0x778 /usr/lib/gcc/arm-none-eabi/13.2.1/../../../arm-none-eabi/lib/thumb/v7e-m+fp/hard/libg_nano.a(libc_a-sbrkr.o)